Archive member included to satisfy reference by file (symbol)

c:/program files (x86)/atmel/studio/7.0/toolchain/avr8/avr8-gnu-toolchain/bin/../lib/gcc/avr/5.4.0/../../../../avr/lib/avr51\libm.a(addsf3.o)
                              main.o (__subsf3)
c:/program files (x86)/atmel/studio/7.0/toolchain/avr8/avr8-gnu-toolchain/bin/../lib/gcc/avr/5.4.0/../../../../avr/lib/avr51\libm.a(addsf3x.o)
                              c:/program files (x86)/atmel/studio/7.0/toolchain/avr8/avr8-gnu-toolchain/bin/../lib/gcc/avr/5.4.0/../../../../avr/lib/avr51\libm.a(addsf3.o) (__addsf3x)
c:/program files (x86)/atmel/studio/7.0/toolchain/avr8/avr8-gnu-toolchain/bin/../lib/gcc/avr/5.4.0/../../../../avr/lib/avr51\libm.a(divsf3.o)
                              main.o (__divsf3)
c:/program files (x86)/atmel/studio/7.0/toolchain/avr8/avr8-gnu-toolchain/bin/../lib/gcc/avr/5.4.0/../../../../avr/lib/avr51\libm.a(divsf3x.o)
                              c:/program files (x86)/atmel/studio/7.0/toolchain/avr8/avr8-gnu-toolchain/bin/../lib/gcc/avr/5.4.0/../../../../avr/lib/avr51\libm.a(divsf3.o) (__divsf3x)
c:/program files (x86)/atmel/studio/7.0/toolchain/avr8/avr8-gnu-toolchain/bin/../lib/gcc/avr/5.4.0/../../../../avr/lib/avr51\libm.a(fixunssfsi.o)
                              main.o (__fixunssfsi)
c:/program files (x86)/atmel/studio/7.0/toolchain/avr8/avr8-gnu-toolchain/bin/../lib/gcc/avr/5.4.0/../../../../avr/lib/avr51\libm.a(floatsisf.o)
                              main.o (__floatunsisf)
c:/program files (x86)/atmel/studio/7.0/toolchain/avr8/avr8-gnu-toolchain/bin/../lib/gcc/avr/5.4.0/../../../../avr/lib/avr51\libm.a(fp_inf.o)
                              c:/program files (x86)/atmel/studio/7.0/toolchain/avr8/avr8-gnu-toolchain/bin/../lib/gcc/avr/5.4.0/../../../../avr/lib/avr51\libm.a(addsf3x.o) (__fp_inf)
c:/program files (x86)/atmel/studio/7.0/toolchain/avr8/avr8-gnu-toolchain/bin/../lib/gcc/avr/5.4.0/../../../../avr/lib/avr51\libm.a(fp_nan.o)
                              c:/program files (x86)/atmel/studio/7.0/toolchain/avr8/avr8-gnu-toolchain/bin/../lib/gcc/avr/5.4.0/../../../../avr/lib/avr51\libm.a(addsf3x.o) (__fp_nan)
c:/program files (x86)/atmel/studio/7.0/toolchain/avr8/avr8-gnu-toolchain/bin/../lib/gcc/avr/5.4.0/../../../../avr/lib/avr51\libm.a(fp_pscA.o)
                              c:/program files (x86)/atmel/studio/7.0/toolchain/avr8/avr8-gnu-toolchain/bin/../lib/gcc/avr/5.4.0/../../../../avr/lib/avr51\libm.a(addsf3x.o) (__fp_pscA)
c:/program files (x86)/atmel/studio/7.0/toolchain/avr8/avr8-gnu-toolchain/bin/../lib/gcc/avr/5.4.0/../../../../avr/lib/avr51\libm.a(fp_pscB.o)
                              c:/program files (x86)/atmel/studio/7.0/toolchain/avr8/avr8-gnu-toolchain/bin/../lib/gcc/avr/5.4.0/../../../../avr/lib/avr51\libm.a(addsf3x.o) (__fp_pscB)
c:/program files (x86)/atmel/studio/7.0/toolchain/avr8/avr8-gnu-toolchain/bin/../lib/gcc/avr/5.4.0/../../../../avr/lib/avr51\libm.a(fp_round.o)
                              c:/program files (x86)/atmel/studio/7.0/toolchain/avr8/avr8-gnu-toolchain/bin/../lib/gcc/avr/5.4.0/../../../../avr/lib/avr51\libm.a(addsf3.o) (__fp_round)
c:/program files (x86)/atmel/studio/7.0/toolchain/avr8/avr8-gnu-toolchain/bin/../lib/gcc/avr/5.4.0/../../../../avr/lib/avr51\libm.a(fp_split3.o)
                              c:/program files (x86)/atmel/studio/7.0/toolchain/avr8/avr8-gnu-toolchain/bin/../lib/gcc/avr/5.4.0/../../../../avr/lib/avr51\libm.a(addsf3x.o) (__fp_split3)
c:/program files (x86)/atmel/studio/7.0/toolchain/avr8/avr8-gnu-toolchain/bin/../lib/gcc/avr/5.4.0/../../../../avr/lib/avr51\libm.a(fp_zero.o)
                              c:/program files (x86)/atmel/studio/7.0/toolchain/avr8/avr8-gnu-toolchain/bin/../lib/gcc/avr/5.4.0/../../../../avr/lib/avr51\libm.a(addsf3x.o) (__fp_zero)
c:/program files (x86)/atmel/studio/7.0/toolchain/avr8/avr8-gnu-toolchain/bin/../lib/gcc/avr/5.4.0/../../../../avr/lib/avr51\libm.a(gesf2.o)
                              main.o (__gesf2)
c:/program files (x86)/atmel/studio/7.0/toolchain/avr8/avr8-gnu-toolchain/bin/../lib/gcc/avr/5.4.0/../../../../avr/lib/avr51\libm.a(mulsf3.o)
                              main.o (__mulsf3)
c:/program files (x86)/atmel/studio/7.0/toolchain/avr8/avr8-gnu-toolchain/bin/../lib/gcc/avr/5.4.0/../../../../avr/lib/avr51\libm.a(mulsf3x.o)
                              c:/program files (x86)/atmel/studio/7.0/toolchain/avr8/avr8-gnu-toolchain/bin/../lib/gcc/avr/5.4.0/../../../../avr/lib/avr51\libm.a(mulsf3.o) (__mulsf3x)
c:/program files (x86)/atmel/studio/7.0/toolchain/avr8/avr8-gnu-toolchain/bin/../lib/gcc/avr/5.4.0/../../../../avr/lib/avr51\libm.a(pow.o)
                              main.o (pow)
c:/program files (x86)/atmel/studio/7.0/toolchain/avr8/avr8-gnu-toolchain/bin/../lib/gcc/avr/5.4.0/../../../../avr/lib/avr51\libm.a(exp.o)
                              c:/program files (x86)/atmel/studio/7.0/toolchain/avr8/avr8-gnu-toolchain/bin/../lib/gcc/avr/5.4.0/../../../../avr/lib/avr51\libm.a(pow.o) (exp)
[...]
Memory Configuration

Name             Origin             Length             Attributes
text             0x00000000         0x00020000         xr
data             0x00800100         0x0000ff00         rw !x
eeprom           0x00810000         0x00010000         rw !x
fuse             0x00820000         0x00000003         rw !x
lock             0x00830000         0x00000400         rw !x
signature        0x00840000         0x00000400         rw !x
user_signatures  0x00850000         0x00000400         rw !x
*default*        0x00000000         0xffffffff

Linker script and memory map

Address of section .data set to 0x800100
LOAD C:/Program Files (x86)/Atmel/Studio/7.0/Packs/atmel/ATmega_DFP/1.1.130/gcc/dev/atmega128/avr51/crtatmega128.o
LOAD main.o
START GROUP
LOAD c:/program files (x86)/atmel/studio/7.0/toolchain/avr8/avr8-gnu-toolchain/bin/../lib/gcc/avr/5.4.0/../../../../avr/lib/avr51\libm.a
END GROUP
START GROUP
LOAD c:/program files (x86)/atmel/studio/7.0/toolchain/avr8/avr8-gnu-toolchain/bin/../lib/gcc/avr/5.4.0/avr51\libgcc.a
LOAD c:/program files (x86)/atmel/studio/7.0/toolchain/avr8/avr8-gnu-toolchain/bin/../lib/gcc/avr/5.4.0/../../../../avr/lib/avr51\libm.a
LOAD c:/program files (x86)/atmel/studio/7.0/toolchain/avr8/avr8-gnu-toolchain/bin/../lib/gcc/avr/5.4.0/../../../../avr/lib/avr51\libc.a
LOAD C:/Program Files (x86)/Atmel/Studio/7.0/Packs/atmel/ATmega_DFP/1.1.130/gcc/dev/atmega128/avr51\libatmega128.a
END GROUP
                0x00020000                __TEXT_REGION_LENGTH__ = DEFINED (__TEXT_REGION_LENGTH__)?__TEXT_REGION_LENGTH__:0x20000
                0x0000ff00                __DATA_REGION_LENGTH__ = DEFINED (__DATA_REGION_LENGTH__)?__DATA_REGION_LENGTH__:0xff00
                0x00010000                __EEPROM_REGION_LENGTH__ = DEFINED (__EEPROM_REGION_LENGTH__)?__EEPROM_REGION_LENGTH__:0x10000
                [0x00000003]                __FUSE_REGION_LENGTH__ = DEFINED (__FUSE_REGION_LENGTH__)?__FUSE_REGION_LENGTH__:0x400
                0x00000400                __LOCK_REGION_LENGTH__ = DEFINED (__LOCK_REGION_LENGTH__)?__LOCK_REGION_LENGTH__:0x400
                0x00000400                __SIGNATURE_REGION_LENGTH__ = DEFINED (__SIGNATURE_REGION_LENGTH__)?__SIGNATURE_REGION_LENGTH__:0x400
                0x00000400                __USER_SIGNATURE_REGION_LENGTH__ = DEFINED (__USER_SIGNATURE_REGION_LENGTH__)?__USER_SIGNATURE_REGION_LENGTH__:0x400

.hash
 *(.hash)

.dynsym
 *(.dynsym)

.dynstr
 *(.dynstr)

.gnu.version
 *(.gnu.version)

.gnu.version_d
 *(.gnu.version_d)

.gnu.version_r
 *(.gnu.version_r)

.rel.init
 *(.rel.init)

.rela.init
 *(.rela.init)

.rel.text
 *(.rel.text)
 *(.rel.text.*)
 *(.rel.gnu.linkonce.t*)

.rela.text
 *(.rela.text)
 *(.rela.text.*)
 *(.rela.gnu.linkonce.t*)

.rel.fini
 *(.rel.fini)

.rela.fini
 *(.rela.fini)

.rel.rodata
 *(.rel.rodata)
 *(.rel.rodata.*)
 *(.rel.gnu.linkonce.r*)

.rela.rodata
 *(.rela.rodata)
 *(.rela.rodata.*)
 *(.rela.gnu.linkonce.r*)

.rel.data
 *(.rel.data)
 *(.rel.data.*)
 *(.rel.gnu.linkonce.d*)

.rela.data
 *(.rela.data)
 *(.rela.data.*)
 *(.rela.gnu.linkonce.d*)

.rel.ctors
 *(.rel.ctors)

.rela.ctors
 *(.rela.ctors)

.rel.dtors
 *(.rel.dtors)

.rela.dtors
 *(.rela.dtors)

.rel.got
 *(.rel.got)

.rela.got
 *(.rela.got)

.rel.bss
 *(.rel.bss)

.rela.bss
 *(.rela.bss)

.rel.plt
 *(.rel.plt)

.rela.plt
 *(.rela.plt)

.text           0x00000000     0x5e2c
 *(.vectors)
 .vectors       0x00000000       0x8c C:/Program Files (x86)/Atmel/Studio/7.0/Packs/atmel/ATmega_DFP/1.1.130/gcc/dev/atmega128/avr51/crtatmega128.o
                0x00000000                __vector_default
                0x00000000                __vectors
 *(.vectors)
 *(.progmem.gcc*)
 .progmem.gcc_sw_table.menu_in_loop
                0x0000008c       0x38 main.o
 .progmem.gcc_fplib
                0x000000c4       0x28 c:/program files (x86)/atmel/studio/7.0/toolchain/avr8/avr8-gnu-toolchain/bin/../lib/gcc/avr/5.4.0/../../../../avr/lib/avr51\libm.a(exp.o)
 .progmem.gcc_fplib
                0x000000ec       0x5a c:/program files (x86)/atmel/studio/7.0/toolchain/avr8/avr8-gnu-toolchain/bin/../lib/gcc/avr/5.4.0/../../../../avr/lib/avr51\libm.a(log.o)
                0x00000146                . = ALIGN (0x2)
                0x00000146                __trampolines_start = .
 *(.trampolines)
 .trampolines   0x00000146        0x0 linker stubs
 *(.trampolines*)
                0x00000146                __trampolines_end = .
 *libprintf_flt.a:*(.progmem.data)
 *libc.a:*(.progmem.data)
 *(.progmem*)
 .progmem.data.__c.3105
                0x00000146        0x3 main.o
 .progmem.data.__c.3103
                0x00000149        0x3 main.o
 .progmem.data.__c.3101
                0x0000014c        0x3 main.o
 .progmem.data.__c.3099
                0x0000014f       0x11 main.o
 .progmem.data.__c.3097
                0x00000160       0x11 main.o
 .progmem.data.__c.3095
                0x00000171       0x1d main.o
 .progmem.data.__c.3093
                0x0000018e       0x1e main.o
 .progmem.data.__c.3091
                0x000001ac        0x3 main.o
 .progmem.data.__c.3089
                0x000001af        0x3 main.o
 .progmem.data.__c.3087
                0x000001b2        0x3 main.o
 .progmem.data.__c.3085
                0x000001b5       0x11 main.o
 .progmem.data.__c.3083
                0x000001c6       0x11 main.o
 .progmem.data.__c.3081
                0x000001d7       0x1d main.o
 .progmem.data.__c.3079
                0x000001f4       0x1e main.o
 .progmem.data.__c.3077
                0x00000212        0x3 main.o
 .progmem.data.__c.3075
                0x00000215        0x3 main.o
 .progmem.data.__c.3073
                0x00000218        0x3 main.o
 .progmem.data.__c.3071
                0x0000021b       0x11 main.o
 .progmem.data.__c.3069
                0x0000022c       0x11 main.o
 .progmem.data.__c.3067
                0x0000023d       0x1d main.o
 .progmem.data.__c.3065
                0x0000025a       0x1e main.o
 .progmem.data.__c.3063
                0x00000278        0xe main.o
 .progmem.data.__c.3061
                0x00000286        0xd main.o
 .progmem.data.__c.3059
                0x00000293        0xe main.o
 .progmem.data.__c.3057
                0x000002a1        0xf main.o
 .progmem.data.__c.3055
                0x000002b0       0x10 main.o
 .progmem.data.__c.3053
                0x000002c0        0xc main.o
 .progmem.data.__c.3051
                0x000002cc        0x6 main.o
 .progmem.data.__c.3049
                0x000002d2       0x15 main.o
 .progmem.data.__c.3047
                0x000002e7       0x11 main.o
 .progmem.data.__c.3045
                0x000002f8       0x1b main.o
 .progmem.data.__c.3043
                0x00000313       0x19 main.o
 .progmem.data.__c.3041
                0x0000032c        0xb main.o
 .progmem.data.__c.3039
                0x00000337       0x1a main.o
 .progmem.data.__c.3037
                0x00000351        0xa main.o
 .progmem.data.__c.3035
                0x0000035b        0xa main.o
 .progmem.data.__c.3033
                0x00000365        0xa main.o
 .progmem.data.__c.3031
                0x0000036f        0x8 main.o
 .progmem.data.__c.3029
                0x00000377        0xa main.o
 .progmem.data.__c.3236
                0x00000381        0x3 main.o
 .progmem.data.__c.3234
                0x00000384        0x4 main.o
 .progmem.data.__c.3232
                0x00000388        0x4 main.o
 .progmem.data.__c.3230
                0x0000038c        0x4 main.o
 .progmem.data.__c.3228
                0x00000390        0x4 main.o
 .progmem.data.__c.3226
                0x00000394        0x4 main.o
 .progmem.data.__c.3224
                0x00000398        0x4 main.o
 .progmem.data.__c.3127
                0x0000039c        0x6 main.o
 .progmem.data.__c.2766
                0x000003a2        0x5 main.o
 .progmem.data.__c.2760
                0x000003a7        0x5 main.o
 .progmem.data.__c.2758
                0x000003ac        0x5 main.o
 .progmem.data.__c.2756
                0x000003b1        0x4 main.o
 .progmem.data.__c.2717
                0x000003b5        0x5 main.o
 .progmem.data.__c.2715
                0x000003ba        0x4 main.o
 .progmem.data.__c.2713
                0x000003be        0x5 main.o
 .progmem.data.__c.2707
                0x000003c3        0x5 main.o
 .progmem.data.__c.2705
                0x000003c8        0x5 main.o
 .progmem.data.__c.2703
                0x000003cd        0x4 main.o
 .progmem.data.__c.2701
                0x000003d1        0x7 main.o
 .progmem.data.__c.2699
                0x000003d8        0xd main.o
 .progmem.data.__c.2571
                0x000003e5        0x5 main.o
 .progmem.data.__c.2569
                0x000003ea        0x4 main.o
 .progmem.data.__c.2557
                0x000003ee        0x5 main.o
 .progmem.data.__c.2555
                0x000003f3        0x4 main.o
 .progmem.data.get_Result_Sensors
                0x000003f7       0x15 main.o
                0x000003f7                get_Result_Sensors
 .progmem.data.init_Sensors
                0x0000040c       0x15 main.o
                0x0000040c                init_Sensors
 .progmem.data.ASCII
                0x00000421      0x100 main.o
                0x00000421                ASCII
                0x00000522                . = ALIGN (0x2)
 *fill*         0x00000521        0x1 
 *(.jumptables)
 *(.jumptables*)
 *(.lowtext)
 *(.lowtext*)
                0x00000522                __ctors_start = .
 *(.ctors)
                0x00000522                __ctors_end = .
                0x00000522                __dtors_start = .
 *(.dtors)
                0x00000522                __dtors_end = .
 SORT(*)(.ctors)
 SORT(*)(.dtors)
 *(.init0)
 .init0         0x00000522        0x0 C:/Program Files (x86)/Atmel/Studio/7.0/Packs/atmel/ATmega_DFP/1.1.130/gcc/dev/atmega128/avr51/crtatmega128.o
                0x00000522                __init
 *(.init0)
 *(.init1)
 *(.init1)
 *(.init2)
 .init2         0x00000522        0xc C:/Program Files (x86)/Atmel/Studio/7.0/Packs/atmel/ATmega_DFP/1.1.130/gcc/dev/atmega128/avr51/crtatmega128.o
 *(.init2)
 *(.init3)
 *(.init3)
 *(.init4)
 .init4         0x0000052e       0x1a c:/program files (x86)/atmel/studio/7.0/toolchain/avr8/avr8-gnu-toolchain/bin/../lib/gcc/avr/5.4.0/avr51\libgcc.a(_copy_data.o)
                0x0000052e                __do_copy_data
 .init4         0x00000548       0x10 c:/program files (x86)/atmel/studio/7.0/toolchain/avr8/avr8-gnu-toolchain/bin/../lib/gcc/avr/5.4.0/avr51\libgcc.a(_clear_bss.o)
                0x00000548                __do_clear_bss
 *(.init4)
 *(.init5)
 *(.init5)
 *(.init6)
 *(.init6)
 *(.init7)
 *(.init7)
 *(.init8)
 *(.init8)
 *(.init9)
 .init9         0x00000558        0x8 C:/Program Files (x86)/Atmel/Studio/7.0/Packs/atmel/ATmega_DFP/1.1.130/gcc/dev/atmega128/avr51/crtatmega128.o
 *(.init9)
 *(.text)
 .text          0x00000560        0x2 C:/Program Files (x86)/Atmel/Studio/7.0/Packs/atmel/ATmega_DFP/1.1.130/gcc/dev/atmega128/avr51/crtatmega128.o
                0x00000560                __vector_22
                0x00000560                __vector_28
                0x00000560                __vector_1
                0x00000560                __vector_32
                0x00000560                __vector_34
                0x00000560                __vector_24
                0x00000560                __vector_12
                0x00000560                __bad_interrupt
                0x00000560                __vector_6
                0x00000560                __vector_31
                0x00000560                __vector_3
                0x00000560                __vector_23
                0x00000560                __vector_30
                0x00000560                __vector_25
                0x00000560                __vector_11
                0x00000560                __vector_13
                0x00000560                __vector_17
                0x00000560                __vector_19
                0x00000560                __vector_7
                0x00000560                __vector_27
                0x00000560                __vector_5
                0x00000560                __vector_33
                0x00000560                __vector_4
                0x00000560                __vector_9
                0x00000560                __vector_2
                0x00000560                __vector_21
                0x00000560                __vector_15
                0x00000560                __vector_29
                0x00000560                __vector_8
                0x00000560                __vector_26
                0x00000560                __vector_14
                0x00000560                __vector_10
                0x00000562                . = ALIGN (0x2)
 *(.text.*)
 .text._StrobE  0x00000562        0xc main.o
                0x00000562                _StrobE
 .text._LED_Function_Set
                0x0000056e       0x14 main.o
                0x0000056e                _LED_Function_Set
 .text._LED_Entry_Mode_Set
                0x00000582       0x22 main.o
                0x00000582                _LED_Entry_Mode_Set
 .text._LED_Set_Addres
                0x000005a4       0x16 main.o
                0x000005a4                _LED_Set_Addres
 .text.LED_Clear
                0x000005ba       0x16 main.o
                0x000005ba                LED_Clear
 .text.LED_Return_Home
                0x000005d0        0xa main.o
                0x000005d0                LED_Return_Home
 .text.LED_Init
                0x000005da       0x46 main.o
                0x000005da                LED_Init
 .text._LED_Write_Char
                0x00000620       0x24 main.o
                0x00000620                _LED_Write_Char
 .text.LED_Write_String
                0x00000644       0x28 main.o
                0x00000644                LED_Write_String
 .text.LED_Write_String_P
                0x0000066c       0x2c main.o
                0x0000066c                LED_Write_String_P
 .text.Led      0x00000698       0x34 main.o
                0x00000698                Led
 .text.Key      0x000006cc       0x7a main.o
                0x000006cc                Key
 .text.Add_New_Element
                0x00000746       0x98 main.o
                0x00000746                Add_New_Element
 .text.Add_New_Menu
                0x000007de       0x2e main.o
                0x000007de                Add_New_Menu
 .text._Selected_Element_Calculate
                0x0000080c       0x50 main.o
                0x0000080c                _Selected_Element_Calculate
 .text._Temp_Array_First_Out
                0x0000085c       0xa4 main.o
                0x0000085c                _Temp_Array_First_Out
 .text._Display_Out
                0x00000900      0x2b2 main.o
                0x00000900                _Display_Out
 .text._History_Save
                0x00000bb2      0x192 main.o
                0x00000bb2                _History_Save
 .text._New_Param
                0x00000d44      0x2e8 main.o
                0x00000d44                _New_Param
 .text._Menu_Data_Change
                0x0000102c       0x9c main.o
                0x0000102c                _Menu_Data_Change
 .text.Save_Changes
                0x000010c8       0xee main.o
                0x000010c8                Save_Changes
 .text.Goto_Menu
                0x000011b6      0x76e main.o
                0x000011b6                Goto_Menu
 .text.__vector_18
                0x00001924       0xb0 main.o
                0x00001924                __vector_18
 .text.__vector_20
                0x000019d4       0x7e main.o
                0x000019d4                __vector_20
 .text.COM_Init
                0x00001a52      0x122 main.o
                0x00001a52                COM_Init
 .text._UART_Go
                0x00001b74       0x62 main.o
                0x00001b74                _UART_Go
 .text.Write_DCON
                0x00001bd6       0xbc main.o
                0x00001bd6                Write_DCON
 .text.Read_DCON
                0x00001c92      0x108 main.o
                0x00001c92                Read_DCON
 .text.bin2bcd  0x00001d9a       0x12 main.o
                0x00001d9a                bin2bcd
 .text.bcd2bin  0x00001dac       0x12 main.o
                0x00001dac                bcd2bin
 .text._I2C_Start
                0x00001dbe       0x6e main.o
                0x00001dbe                _I2C_Start
 .text._I2C_Write
                0x00001e2c       0x54 main.o
                0x00001e2c                _I2C_Write
 .text._I2C_Read
                0x00001e80       0x7e main.o
                0x00001e80                _I2C_Read
 .text.RTC_Init
                0x00001efe       0x3a main.o
                0x00001efe                RTC_Init
 .text.RTC_Get_Time
                0x00001f38       0x68 main.o
                0x00001f38                RTC_Get_Time
 .text.RTC_Set_Time
                0x00001fa0       0x4c main.o
                0x00001fa0                RTC_Set_Time
 .text.RTC_Get_Date
                0x00001fec       0x80 main.o
                0x00001fec                RTC_Get_Date
 .text.RTC_Set_Date
                0x0000206c       0x5e main.o
                0x0000206c                RTC_Set_Date
 .text.convert_to_show
                0x000020ca      0xc1c main.o
                0x000020ca                convert_to_show
 .text.mems_to_RAM
                0x00002ce6      0x156 main.o
                0x00002ce6                mems_to_RAM
 .text.menu_in_loop
                0x00002e3c      0xf1a main.o
                0x00002e3c                menu_in_loop
 .text.check_time
                0x00003d56      0x118 main.o
                0x00003d56                check_time
 .text.get_time
                0x00003e6e       0x5e main.o
                0x00003e6e                get_time
 .text.PID      0x00003ecc      0x178 main.o
                0x00003ecc                PID
 .text.calculate_PID
                0x00004044      0x332 main.o
                0x00004044                calculate_PID
 .text.start_sencors
                0x00004376       0x50 main.o
                0x00004376                start_sencors
 .text.read_sencors
                0x000043c6      0x3da main.o
                0x000043c6                read_sencors
 .text.check_buttons
                0x000047a0      0x128 main.o
                0x000047a0                check_buttons
 .text.main_screen
                0x000048c8      0x13c main.o
                0x000048c8                main_screen
 .text.Timer0_Init
                0x00004a04       0x14 main.o
                0x00004a04                Timer0_Init
 .text.__vector_16
                0x00004a18      0x1e4 main.o
                0x00004a18                __vector_16
 .text.startup.main
                0x00004bfc      0x3e4 main.o
                0x00004bfc                main
 .text.avr-libc.fplib
                0x00004fe0        0xa c:/program files (x86)/atmel/studio/7.0/toolchain/avr8/avr8-gnu-toolchain/bin/../lib/gcc/avr/5.4.0/../../../../avr/lib/avr51\libm.a(addsf3.o)
                0x00004fe0                __subsf3
                0x00004fe2                __addsf3
 .text.avr-libc.fplib
                0x00004fea       0xc0 c:/program files (x86)/atmel/studio/7.0/toolchain/avr8/avr8-gnu-toolchain/bin/../lib/gcc/avr/5.4.0/../../../../avr/lib/avr51\libm.a(addsf3x.o)
                0x00005004                __addsf3x
 .text.avr-libc.fplib
                0x000050aa        0x4 c:/program files (x86)/atmel/studio/7.0/toolchain/avr8/avr8-gnu-toolchain/bin/../lib/gcc/avr/5.4.0/../../../../avr/lib/avr51\libm.a(divsf3.o)
                0x000050aa                __divsf3
 .text.avr-libc.fplib
                0x000050ae       0xcc c:/program files (x86)/atmel/studio/7.0/toolchain/avr8/avr8-gnu-toolchain/bin/../lib/gcc/avr/5.4.0/../../../../avr/lib/avr51\libm.a(divsf3x.o)
                0x000050c4                __divsf3x
                0x000050c8                __divsf3_pse
 .text.avr-libc.fplib
                0x0000517a       0x58 c:/program files (x86)/atmel/studio/7.0/toolchain/avr8/avr8-gnu-toolchain/bin/../lib/gcc/avr/5.4.0/../../../../avr/lib/avr51\libm.a(fixunssfsi.o)
                0x0000517a                __fixunssfsi
 .text.avr-libc.fplib
                0x000051d2       0x7a c:/program files (x86)/atmel/studio/7.0/toolchain/avr8/avr8-gnu-toolchain/bin/../lib/gcc/avr/5.4.0/../../../../avr/lib/avr51\libm.a(floatsisf.o)
                0x000051d2                __floatunsisf
                0x000051d6                __floatsisf
 .text.avr-libc.fplib
                0x0000524c        0xc c:/program files (x86)/atmel/studio/7.0/toolchain/avr8/avr8-gnu-toolchain/bin/../lib/gcc/avr/5.4.0/../../../../avr/lib/avr51\libm.a(fp_inf.o)
                0x0000524c                __fp_inf
 .text.avr-libc.fplib
                0x00005258        0x6 c:/program files (x86)/atmel/studio/7.0/toolchain/avr8/avr8-gnu-toolchain/bin/../lib/gcc/avr/5.4.0/../../../../avr/lib/avr51\libm.a(fp_nan.o)
                0x00005258                __fp_nan
 .text.avr-libc.fplib
                0x0000525e        0xe c:/program files (x86)/atmel/studio/7.0/toolchain/avr8/avr8-gnu-toolchain/bin/../lib/gcc/avr/5.4.0/../../../../avr/lib/avr51\libm.a(fp_pscA.o)
                0x0000525e                __fp_pscA
 .text.avr-libc.fplib
                0x0000526c        0xe c:/program files (x86)/atmel/studio/7.0/toolchain/avr8/avr8-gnu-toolchain/bin/../lib/gcc/avr/5.4.0/../../../../avr/lib/avr51\libm.a(fp_pscB.o)
                0x0000526c                __fp_pscB
 .text.avr-libc.fplib
                0x0000527a       0x22 c:/program files (x86)/atmel/studio/7.0/toolchain/avr8/avr8-gnu-toolchain/bin/../lib/gcc/avr/5.4.0/../../../../avr/lib/avr51\libm.a(fp_round.o)
                0x0000527a                __fp_round
 .text.avr-libc.fplib
                0x0000529c       0x44 c:/program files (x86)/atmel/studio/7.0/toolchain/avr8/avr8-gnu-toolchain/bin/../lib/gcc/avr/5.4.0/../../../../avr/lib/avr51\libm.a(fp_split3.o)
                0x0000529c                __fp_split3
                0x000052ac                __fp_splitA
 .text.avr-libc.fplib
                0x000052e0        0xe c:/program files (x86)/atmel/studio/7.0/toolchain/avr8/avr8-gnu-toolchain/bin/../lib/gcc/avr/5.4.0/../../../../avr/lib/avr51\libm.a(fp_zero.o)
                0x000052e0                __fp_zero
                0x000052e2                __fp_szero
 .text.avr-libc.fplib
                0x000052ee        0x8 c:/program files (x86)/atmel/studio/7.0/toolchain/avr8/avr8-gnu-toolchain/bin/../lib/gcc/avr/5.4.0/../../../../avr/lib/avr51\libm.a(gesf2.o)
                0x000052ee                __gesf2
                0x000052ee                __gtsf2
 .text.avr-libc.fplib
                0x000052f6        0x4 c:/program files (x86)/atmel/studio/7.0/toolchain/avr8/avr8-gnu-toolchain/bin/../lib/gcc/avr/5.4.0/../../../../avr/lib/avr51\libm.a(mulsf3.o)
                0x000052f6                __mulsf3
 .text.avr-libc.fplib
                0x000052fa       0xc2 c:/program files (x86)/atmel/studio/7.0/toolchain/avr8/avr8-gnu-toolchain/bin/../lib/gcc/avr/5.4.0/../../../../avr/lib/avr51\libm.a(mulsf3x.o)
                0x0000530e                __mulsf3x
                0x00005312                __mulsf3_pse
 .text.avr-libc.fplib
                0x000053bc       0x98 c:/program files (x86)/atmel/studio/7.0/toolchain/avr8/avr8-gnu-toolchain/bin/../lib/gcc/avr/5.4.0/../../../../avr/lib/avr51\libm.a(pow.o)
                0x000053bc                pow
 .text.avr-libc.fplib
                0x00005454       0x62 c:/program files (x86)/atmel/studio/7.0/toolchain/avr8/avr8-gnu-toolchain/bin/../lib/gcc/avr/5.4.0/../../../../avr/lib/avr51\libm.a(exp.o)
                0x0000545e                exp
 .text.avr-libc.fplib
                0x000054b6       0x48 c:/program files (x86)/atmel/studio/7.0/toolchain/avr8/avr8-gnu-toolchain/bin/../lib/gcc/avr/5.4.0/../../../../avr/lib/avr51\libm.a(fp_cmp.o)
                0x000054b6                __fp_cmp
 .text.avr-libc.fplib
                0x000054fe       0x4a c:/program files (x86)/atmel/studio/7.0/toolchain/avr8/avr8-gnu-toolchain/bin/../lib/gcc/avr/5.4.0/../../../../avr/lib/avr51\libm.a(fp_powser.o)
                0x000054fe                __fp_powser
 .text.avr-libc.fplib
                0x00005548        0xe c:/program files (x86)/atmel/studio/7.0/toolchain/avr8/avr8-gnu-toolchain/bin/../lib/gcc/avr/5.4.0/../../../../avr/lib/avr51\libm.a(inverse.o)
                0x00005548                inverse
 .text.avr-libc.fplib
                0x00005556       0x6c c:/program files (x86)/atmel/studio/7.0/toolchain/avr8/avr8-gnu-toolchain/bin/../lib/gcc/avr/5.4.0/../../../../avr/lib/avr51\libm.a(ldexp.o)
                0x0000555a                ldexp
 .text.avr-libc.fplib
                0x000055c2       0x8a c:/program files (x86)/atmel/studio/7.0/toolchain/avr8/avr8-gnu-toolchain/bin/../lib/gcc/avr/5.4.0/../../../../avr/lib/avr51\libm.a(log.o)
                0x000055cc                log
 .text.avr-libc.fplib
                0x0000564c       0x66 c:/program files (x86)/atmel/studio/7.0/toolchain/avr8/avr8-gnu-toolchain/bin/../lib/gcc/avr/5.4.0/../../../../avr/lib/avr51\libm.a(modf.o)
                0x0000564c                modf
                0x0000564c                modff
 .text.avr-libc.fplib
                0x000056b2       0x1c c:/program files (x86)/atmel/studio/7.0/toolchain/avr8/avr8-gnu-toolchain/bin/../lib/gcc/avr/5.4.0/../../../../avr/lib/avr51\libm.a(fp_mpack.o)
                0x000056b2                __fp_mpack
                0x000056b6                __fp_mpack_finite
 .text.libgcc.mul
                0x000056ce       0x1e c:/program files (x86)/atmel/studio/7.0/toolchain/avr8/avr8-gnu-toolchain/bin/../lib/gcc/avr/5.4.0/avr51\libgcc.a(_mulsi3.o)
                0x000056ce                __mulsi3
 .text.libgcc.div
                0x000056ec       0x18 c:/program files (x86)/atmel/studio/7.0/toolchain/avr8/avr8-gnu-toolchain/bin/../lib/gcc/avr/5.4.0/avr51\libgcc.a(_udivmodqi4.o)
                0x000056ec                __udivmodqi4
 .text.libgcc.div
                0x00005704       0x28 c:/program files (x86)/atmel/studio/7.0/toolchain/avr8/avr8-gnu-toolchain/bin/../lib/gcc/avr/5.4.0/avr51\libgcc.a(_udivmodhi4.o)
                0x00005704                __udivmodhi4
 .text.libgcc.div
                0x0000572c       0x44 c:/program files (x86)/atmel/studio/7.0/toolchain/avr8/avr8-gnu-toolchain/bin/../lib/gcc/avr/5.4.0/avr51\libgcc.a(_udivmodsi4.o)
                0x0000572c                __udivmodsi4
 .text.libgcc.div
                0x00005770       0x28 c:/program files (x86)/atmel/studio/7.0/toolchain/avr8/avr8-gnu-toolchain/bin/../lib/gcc/avr/5.4.0/avr51\libgcc.a(_divmodsi4.o)
                0x00005770                __divmodsi4
 .text.libgcc.div
                0x00005798       0x10 c:/program files (x86)/atmel/studio/7.0/toolchain/avr8/avr8-gnu-toolchain/bin/../lib/gcc/avr/5.4.0/avr51\libgcc.a(_negsi2.o)
                0x00005798                __negsi2
 .text.libgcc   0x000057a8       0x12 c:/program files (x86)/atmel/studio/7.0/toolchain/avr8/avr8-gnu-toolchain/bin/../lib/gcc/avr/5.4.0/avr51\libgcc.a(_tablejump2.o)
                0x000057a8                __tablejump2__
 .text.libgcc.mul
                0x000057ba       0x1e c:/program files (x86)/atmel/studio/7.0/toolchain/avr8/avr8-gnu-toolchain/bin/../lib/gcc/avr/5.4.0/avr51\libgcc.a(_umulhisi3.o)
                0x000057ba                __umulhisi3
 .text.libgcc.mul
                0x000057d8        0xc c:/program files (x86)/atmel/studio/7.0/toolchain/avr8/avr8-gnu-toolchain/bin/../lib/gcc/avr/5.4.0/avr51\libgcc.a(_usmulhisi3.o)
                0x000057d8                __usmulhisi3
                0x000057da                __usmulhisi3_tail
 .text.libgcc.mul
                0x000057e4       0x14 c:/program files (x86)/atmel/studio/7.0/toolchain/avr8/avr8-gnu-toolchain/bin/../lib/gcc/avr/5.4.0/avr51\libgcc.a(_muluhisi3.o)
                0x000057e4                __muluhisi3
 .text.libgcc.mul
                0x000057f8        0xc c:/program files (x86)/atmel/studio/7.0/toolchain/avr8/avr8-gnu-toolchain/bin/../lib/gcc/avr/5.4.0/avr51\libgcc.a(_mulshisi3.o)
                0x000057f8                __mulshisi3
                0x000057fc                __mulohisi3
 .text.avr-libc
                0x00005804       0x5c c:/program files (x86)/atmel/studio/7.0/toolchain/avr8/avr8-gnu-toolchain/bin/../lib/gcc/avr/5.4.0/../../../../avr/lib/avr51\libc.a(sprintf.o)
                0x00005804                sprintf
 .text.avr-libc
                0x00005860      0x3fa c:/program files (x86)/atmel/studio/7.0/toolchain/avr8/avr8-gnu-toolchain/bin/../lib/gcc/avr/5.4.0/../../../../avr/lib/avr51\libc.a(vfprintf_std.o)
                0x00005860                vfprintf
 .text.avr-libc
                0x00005c5a       0x16 c:/program files (x86)/atmel/studio/7.0/toolchain/avr8/avr8-gnu-toolchain/bin/../lib/gcc/avr/5.4.0/../../../../avr/lib/avr51\libc.a(strnlen_P.o)
                0x00005c5a                strnlen_P
 .text.avr-libc
                0x00005c70       0x16 c:/program files (x86)/atmel/studio/7.0/toolchain/avr8/avr8-gnu-toolchain/bin/../lib/gcc/avr/5.4.0/../../../../avr/lib/avr51\libc.a(strnlen.o)
                0x00005c70                strnlen
 .text.avr-libc
                0x00005c86       0x78 c:/program files (x86)/atmel/studio/7.0/toolchain/avr8/avr8-gnu-toolchain/bin/../lib/gcc/avr/5.4.0/../../../../avr/lib/avr51\libc.a(fputc.o)
                0x00005c86                fputc
 .text.avr-libc
                0x00005cfe       0xbc c:/program files (x86)/atmel/studio/7.0/toolchain/avr8/avr8-gnu-toolchain/bin/../lib/gcc/avr/5.4.0/../../../../avr/lib/avr51\libc.a(ultoa_invert.o)
                0x00005cfe                __ultoa_invert
 .text.avr-libc
                0x00005dba       0x10 C:/Program Files (x86)/Atmel/Studio/7.0/Packs/atmel/ATmega_DFP/1.1.130/gcc/dev/atmega128/avr51\libatmega128.a(eerd_byte.o)
                0x00005dba                eeprom_read_byte
 .text.avr-libc
                0x00005dca        0xa C:/Program Files (x86)/Atmel/Studio/7.0/Packs/atmel/ATmega_DFP/1.1.130/gcc/dev/atmega128/avr51\libatmega128.a(eerd_dword.o)
                0x00005dca                eeprom_read_float
                0x00005dca                eeprom_read_dword
 .text.avr-libc
                0x00005dd4        0xa C:/Program Files (x86)/Atmel/Studio/7.0/Packs/atmel/ATmega_DFP/1.1.130/gcc/dev/atmega128/avr51\libatmega128.a(eerd_word.o)
                0x00005dd4                eeprom_read_word
 .text.avr-libc
                0x00005dde       0x1a C:/Program Files (x86)/Atmel/Studio/7.0/Packs/atmel/ATmega_DFP/1.1.130/gcc/dev/atmega128/avr51\libatmega128.a(eewr_byte.o)
                0x00005dde                eeprom_write_byte
                0x00005de0                eeprom_write_r18
 .text.avr-libc
                0x00005df8        0xa C:/Program Files (x86)/Atmel/Studio/7.0/Packs/atmel/ATmega_DFP/1.1.130/gcc/dev/atmega128/avr51\libatmega128.a(eewr_dword.o)
                0x00005df8                eeprom_write_dword
                0x00005df8                eeprom_write_float
 .text.avr-libc
                0x00005e02        0x6 C:/Program Files (x86)/Atmel/Studio/7.0/Packs/atmel/ATmega_DFP/1.1.130/gcc/dev/atmega128/avr51\libatmega128.a(eewr_word.o)
                0x00005e02                eeprom_write_word
 .text.avr-libc
                0x00005e08       0x20 C:/Program Files (x86)/Atmel/Studio/7.0/Packs/atmel/ATmega_DFP/1.1.130/gcc/dev/atmega128/avr51\libatmega128.a(eerd_block.o)
                0x00005e08                eeprom_read_block
                0x00005e0c                eeprom_read_blraw
                0x00005e28                . = ALIGN (0x2)
 *(.fini9)
 .fini9         0x00005e28        0x0 c:/program files (x86)/atmel/studio/7.0/toolchain/avr8/avr8-gnu-toolchain/bin/../lib/gcc/avr/5.4.0/avr51\libgcc.a(_exit.o)
                0x00005e28                _exit
                0x00005e28                exit
 *(.fini9)
 *(.fini8)
 *(.fini8)
 *(.fini7)
 *(.fini7)
 *(.fini6)
 *(.fini6)
 *(.fini5)
 *(.fini5)
 *(.fini4)
 *(.fini4)
 *(.fini3)
 *(.fini3)
 *(.fini2)
 *(.fini2)
 *(.fini1)
 *(.fini1)
 *(.fini0)
 .fini0         0x00005e28        0x4 c:/program files (x86)/atmel/studio/7.0/toolchain/avr8/avr8-gnu-toolchain/bin/../lib/gcc/avr/5.4.0/avr51\libgcc.a(_exit.o)
 *(.fini0)
                0x00005e2c                _etext = .

.data           0x00800100       0x7c load address 0x00005e2c
                0x00800100                PROVIDE (__data_start, .)
 *(.data)
 *(.data*)
 .data.cursor_Pos.2693
                0x00800100        0x1 main.o
 .data.K_D_s    0x00800101       0x15 main.o
                0x00800101                K_D_s
 .data.K_P_s    0x00800116       0x15 main.o
                0x00800116                K_P_s
 .data.per_dat_s
                0x0080012b        0x5 main.o
                0x0080012b                per_dat_s
 .data.per_shim_s
                0x00800130        0x5 main.o
                0x00800130                per_shim_s
 .data.disp_DOW
                0x00800135       0x18 main.o
                0x00800135                disp_DOW
 .data.flag_N   0x0080014d        0x1 main.o
                0x0080014d                flag_N
 .data.vis      0x0080014e        0x6 main.o
                0x0080014e                vis
 .data.skv_s    0x00800154        0x6 main.o
                0x00800154                skv_s
 .data.skv      0x0080015a        0x1 main.o
                0x0080015a                skv
 .data.clsd_stms
                0x0080015b        0x4 main.o
                0x0080015b                clsd_stms
 .data.time_per_nas
                0x0080015f        0x2 main.o
                0x0080015f                time_per_nas
 .data.flag_S   0x00800161        0x1 main.o
                0x00800161                flag_S
 .data.buf_UART_1
                0x00800162       0x10 main.o
                0x00800162                buf_UART_1
 .data.Password_s
                0x00800172        0x4 main.o
                0x00800172                Password_s
 *(.gnu.linkonce.d*)
 *(.rodata)
 *(.rodata*)
 .rodata.str1.1
                0x00800176        0x3 main.o
 .rodata.CSWTCH.282
                0x00800179        0x3 main.o
 *(.gnu.linkonce.r*)
                0x0080017c                . = ALIGN (0x2)
                0x0080017c                _edata = .
                0x0080017c                PROVIDE (__data_end, .)

.bss            0x0080017c      0x385
                0x0080017c                PROVIDE (__bss_start, .)
 *(.bss)
 *(.bss*)
 .bss.element.3149
                0x0080017c        0x2 main.o
 .bss.type.3148
                0x0080017e        0x1 main.o
 .bss.buf.3147  0x0080017f        0x8 main.o
 .bss.state.2695
                0x00800187        0x1 main.o
 .bss.led_Curs.2694
                0x00800188        0x1 main.o
 .bss.submenu_Count.2692
                0x00800189        0x1 main.o
 .bss.element_Count.2691
                0x0080018a        0x1 main.o
 .bss.count_Submenu.2512
                0x0080018b        0x2 main.o
 .bss.count_Element.2507
                0x0080018d        0x2 main.o
 .bss._I2C_Error
                0x0080018f        0x1 main.o
 .bss._I2C_buf  0x00800190        0x6 main.o
 .bss._I2C_Time_Out
                0x00800196        0x1 main.o
 .bss._UART_TX_end
                0x00800197        0x2 main.o
 .bss._UART_TX_length
                0x00800199        0x2 main.o
 .bss._UART_TX_point
                0x0080019b        0x4 main.o
 .bss._UART_TX_Buf
                0x0080019f       0x40 main.o
 .bss._UART_RX_end
                0x008001df        0x2 main.o
 .bss._UART_RX_length
                0x008001e1        0x2 main.o
 .bss._UART_RX_point
                0x008001e3        0x4 main.o
 .bss._UART_RX_Buf
                0x008001e7       0x40 main.o
 .bss._CHK_mode
                0x00800227        0x2 main.o
 .bss._temp_List
                0x00800229        0x1 main.o
                0x00800229                _temp_List
 .bss._line     0x0080022a        0x1 main.o
                0x0080022a                _line
 .bss._line2    0x0080022b        0x1 main.o
                0x0080022b                _line2
 .bss._number_In_Submenu
                0x0080022c        0x2 main.o
                0x0080022c                _number_In_Submenu
 .bss._selected_Element
                0x0080022e        0x2 main.o
                0x0080022e                _selected_Element
 .bss._temp_Switch
                0x00800230        0x1 main.o
                0x00800230                _temp_Switch
 .bss._my_Lib_Flags
                0x00800231        0x1 main.o
                0x00800231                _my_Lib_Flags
 .bss.T_u       0x00800232        0x3 main.o
                0x00800232                T_u
 .bss.flag_M    0x00800235        0x1 main.o
                0x00800235                flag_M
 .bss.clock_err
                0x00800236        0x1 main.o
                0x00800236                clock_err
 .bss.time_10_clock
                0x00800237        0x2 main.o
                0x00800237                time_10_clock
 .bss.I_prev    0x00800239        0xc main.o
                0x00800239                I_prev
 .bss.E_prev    0x00800245        0x6 main.o
                0x00800245                E_prev
 .bss.flag_R    0x0080024b        0x1 main.o
                0x0080024b                flag_R
 .bss.t_push    0x0080024c        0x2 main.o
                0x0080024c                t_push
 .bss.flag_P    0x0080024e        0x1 main.o
                0x0080024e                flag_P
 .bss.time_10_nas
                0x0080024f        0x4 main.o
                0x0080024f                time_10_nas
 .bss.time_10_shim
                0x00800253        0x4 main.o
                0x00800253                time_10_shim
 .bss.time_10_dat
                0x00800257        0x4 main.o
                0x00800257                time_10_dat
 .bss.flag_O    0x0080025b        0x1 main.o
                0x0080025b                flag_O
 .bss.flag_T    0x0080025c        0x1 main.o
                0x0080025c                flag_T
 .bss.time_10_slide
                0x0080025d        0x2 main.o
                0x0080025d                time_10_slide
 .bss.snc_err   0x0080025f        0x3 main.o
                0x0080025f                snc_err
 .bss.pointer_Flash
                0x00800262        0x2 main.o
                0x00800262                pointer_Flash
 .bss._Latch    0x00800264        0x1 main.o
                0x00800264                _Latch
 *(COMMON)
 COMMON         0x00800265      0x29c main.o
                0x00800265                _temp_Array
                0x0080026d                temp_noch_RAM
                0x00800273                cur_time
                0x00800278                snc3
                0x0080027d                _Key_flags
                0x0080027e                flush
                0x0080027f                snc1
                0x00800284                _history_Buf_Param
                0x00800304                K_P_RAM
                0x00800310                K_I_s
                0x0080031f                _history_Buf_Number
                0x0080033f                temp_den_s
                0x00800345                hour
                0x00800346                cur_temp
                0x0080034c                submenu
                0x00800374                min
                0x00800375                time_nach_s
                0x0080037a                sec
                0x0080037b                time_nach_RAM
                0x0080037d                temp_den_RAM
                0x00800383                per_shim_RAM
                0x00800385                K_I_RAM
                0x00800391                snc2
                0x00800396                K_D_RAM
                0x008003a2                time_kon_RAM
                0x008003a4                cur_DOW_RAM
                0x008003a5                per_dat_RAM
                0x008003a7                hol_DOW_RAM
                0x008003ae                menu_Elements
                0x008004f6                time_kon_s
                0x008004fb                temp_noch_s
                0x00800501                PROVIDE (__bss_end, .)
                0x00005e2c                __data_load_start = LOADADDR (.data)
                0x00005ea8                __data_load_end = (__data_load_start + SIZEOF (.data))

.noinit         0x00800501        0x0
                [!provide]                PROVIDE (__noinit_start, .)
 *(.noinit*)
                [!provide]                PROVIDE (__noinit_end, .)
                0x00800501                _end = .
                [!provide]                PROVIDE (__heap_start, .)

.eeprom         0x00810000       0x43
 *(.eeprom*)
 .eeprom        0x00810000       0x43 main.o
                0x00810000                K_D
                0x0081000c                K_I
                0x00810018                K_P
                0x00810024                temp_noch
                0x0081002a                temp_den
                0x00810030                time_kon
                0x00810034                time_nach
                0x00810038                hol_DOW
                0x0081003f                per_dat
                0x00810041                per_shim
                0x00810043                __eeprom_end = .

.fuse
 *(.fuse)
 *(.lfuse)
 *(.hfuse)
 *(.efuse)

.lock
 *(.lock*)

.signature
 *(.signature*)

.user_signatures
 *(.user_signatures*)

.stab
 *(.stab)

.stabstr
 *(.stabstr)

.stab.excl
 *(.stab.excl)

.stab.exclstr
 *(.stab.exclstr)

.stab.index
 *(.stab.index)

.stab.indexstr
 *(.stab.indexstr)

.comment        0x00000000       0x5c
 *(.comment)
 .comment       0x00000000       0x30 main.o
                                 0x31 (size before relaxing)
 .comment       0x00000030       0x31 c:/program files (x86)/atmel/studio/7.0/toolchain/avr8/avr8-gnu-toolchain/bin/../lib/gcc/avr/5.4.0/../../../../avr/lib/avr51\libc.a(sprintf.o)
 .comment       0x00000030       0x2c c:/program files (x86)/atmel/studio/7.0/toolchain/avr8/avr8-gnu-toolchain/bin/../lib/gcc/avr/5.4.0/../../../../avr/lib/avr51\libc.a(vfprintf_std.o)
                                 0x2d (size before relaxing)
 .comment       0x0000005c       0x31 c:/program files (x86)/atmel/studio/7.0/toolchain/avr8/avr8-gnu-toolchain/bin/../lib/gcc/avr/5.4.0/../../../../avr/lib/avr51\libc.a(fputc.o)

.note.gnu.avr.deviceinfo
                0x00000000       0x3c
 .note.gnu.avr.deviceinfo
                0x00000000       0x3c C:/Program Files (x86)/Atmel/Studio/7.0/Packs/atmel/ATmega_DFP/1.1.130/gcc/dev/atmega128/avr51/crtatmega128.o

.note.gnu.build-id
 *(.note.gnu.build-id)

.debug
 *(.debug)

.line
 *(.line)

.debug_srcinfo
 *(.debug_srcinfo)

.debug_sfnames
 *(.debug_sfnames)

.debug_aranges  0x00000000       0xe0
 *(.debug_aranges)
 .debug_aranges
                0x00000000       0x20 C:/Program Files (x86)/Atmel/Studio/7.0/Packs/atmel/ATmega_DFP/1.1.130/gcc/dev/atmega128/avr51\libatmega128.a(eerd_byte.o)
 .debug_aranges
                0x00000020       0x20 C:/Program Files (x86)/Atmel/Studio/7.0/Packs/atmel/ATmega_DFP/1.1.130/gcc/dev/atmega128/avr51\libatmega128.a(eerd_dword.o)
 .debug_aranges
                0x00000040       0x20 C:/Program Files (x86)/Atmel/Studio/7.0/Packs/atmel/ATmega_DFP/1.1.130/gcc/dev/atmega128/avr51\libatmega128.a(eerd_word.o)
 .debug_aranges
                0x00000060       0x20 C:/Program Files (x86)/Atmel/Studio/7.0/Packs/atmel/ATmega_DFP/1.1.130/gcc/dev/atmega128/avr51\libatmega128.a(eewr_byte.o)
 .debug_aranges
                0x00000080       0x20 C:/Program Files (x86)/Atmel/Studio/7.0/Packs/atmel/ATmega_DFP/1.1.130/gcc/dev/atmega128/avr51\libatmega128.a(eewr_dword.o)
 .debug_aranges
                0x000000a0       0x20 C:/Program Files (x86)/Atmel/Studio/7.0/Packs/atmel/ATmega_DFP/1.1.130/gcc/dev/atmega128/avr51\libatmega128.a(eewr_word.o)
 .debug_aranges
                0x000000c0       0x20 C:/Program Files (x86)/Atmel/Studio/7.0/Packs/atmel/ATmega_DFP/1.1.130/gcc/dev/atmega128/avr51\libatmega128.a(eerd_block.o)

.debug_pubnames
 *(.debug_pubnames)

.debug_info     0x00000000      0xc37
 *(.debug_info .gnu.linkonce.wi.*)
 .debug_info    0x00000000      0x780 C:/Program Files (x86)/Atmel/Studio/7.0/Packs/atmel/ATmega_DFP/1.1.130/gcc/dev/atmega128/avr51/crtatmega128.o
 .debug_info    0x00000780       0xac C:/Program Files (x86)/Atmel/Studio/7.0/Packs/atmel/ATmega_DFP/1.1.130/gcc/dev/atmega128/avr51\libatmega128.a(eerd_byte.o)
 .debug_info    0x0000082c       0xad C:/Program Files (x86)/Atmel/Studio/7.0/Packs/atmel/ATmega_DFP/1.1.130/gcc/dev/atmega128/avr51\libatmega128.a(eerd_dword.o)
 .debug_info    0x000008d9       0xac C:/Program Files (x86)/Atmel/Studio/7.0/Packs/atmel/ATmega_DFP/1.1.130/gcc/dev/atmega128/avr51\libatmega128.a(eerd_word.o)
 .debug_info    0x00000985       0xac C:/Program Files (x86)/Atmel/Studio/7.0/Packs/atmel/ATmega_DFP/1.1.130/gcc/dev/atmega128/avr51\libatmega128.a(eewr_byte.o)
 .debug_info    0x00000a31       0xad C:/Program Files (x86)/Atmel/Studio/7.0/Packs/atmel/ATmega_DFP/1.1.130/gcc/dev/atmega128/avr51\libatmega128.a(eewr_dword.o)
 .debug_info    0x00000ade       0xac C:/Program Files (x86)/Atmel/Studio/7.0/Packs/atmel/ATmega_DFP/1.1.130/gcc/dev/atmega128/avr51\libatmega128.a(eewr_word.o)
 .debug_info    0x00000b8a       0xad C:/Program Files (x86)/Atmel/Studio/7.0/Packs/atmel/ATmega_DFP/1.1.130/gcc/dev/atmega128/avr51\libatmega128.a(eerd_block.o)

.debug_abbrev   0x00000000      0x7a4
 *(.debug_abbrev)
 .debug_abbrev  0x00000000      0x718 C:/Program Files (x86)/Atmel/Studio/7.0/Packs/atmel/ATmega_DFP/1.1.130/gcc/dev/atmega128/avr51/crtatmega128.o
 .debug_abbrev  0x00000718       0x14 C:/Program Files (x86)/Atmel/Studio/7.0/Packs/atmel/ATmega_DFP/1.1.130/gcc/dev/atmega128/avr51\libatmega128.a(eerd_byte.o)
 .debug_abbrev  0x0000072c       0x14 C:/Program Files (x86)/Atmel/Studio/7.0/Packs/atmel/ATmega_DFP/1.1.130/gcc/dev/atmega128/avr51\libatmega128.a(eerd_dword.o)
 .debug_abbrev  0x00000740       0x14 C:/Program Files (x86)/Atmel/Studio/7.0/Packs/atmel/ATmega_DFP/1.1.130/gcc/dev/atmega128/avr51\libatmega128.a(eerd_word.o)
 .debug_abbrev  0x00000754       0x14 C:/Program Files (x86)/Atmel/Studio/7.0/Packs/atmel/ATmega_DFP/1.1.130/gcc/dev/atmega128/avr51\libatmega128.a(eewr_byte.o)
 .debug_abbrev  0x00000768       0x14 C:/Program Files (x86)/Atmel/Studio/7.0/Packs/atmel/ATmega_DFP/1.1.130/gcc/dev/atmega128/avr51\libatmega128.a(eewr_dword.o)
 .debug_abbrev  0x0000077c       0x14 C:/Program Files (x86)/Atmel/Studio/7.0/Packs/atmel/ATmega_DFP/1.1.130/gcc/dev/atmega128/avr51\libatmega128.a(eewr_word.o)
 .debug_abbrev  0x00000790       0x14 C:/Program Files (x86)/Atmel/Studio/7.0/Packs/atmel/ATmega_DFP/1.1.130/gcc/dev/atmega128/avr51\libatmega128.a(eerd_block.o)

.debug_line     0x00000000      0x4b8
 *(.debug_line .debug_line.* .debug_line_end)
 .debug_line    0x00000000      0x169 C:/Program Files (x86)/Atmel/Studio/7.0/Packs/atmel/ATmega_DFP/1.1.130/gcc/dev/atmega128/avr51/crtatmega128.o
 .debug_line    0x00000169       0x7a C:/Program Files (x86)/Atmel/Studio/7.0/Packs/atmel/ATmega_DFP/1.1.130/gcc/dev/atmega128/avr51\libatmega128.a(eerd_byte.o)
 .debug_line    0x000001e3       0x68 C:/Program Files (x86)/Atmel/Studio/7.0/Packs/atmel/ATmega_DFP/1.1.130/gcc/dev/atmega128/avr51\libatmega128.a(eerd_dword.o)
 .debug_line    0x0000024b       0x67 C:/Program Files (x86)/Atmel/Studio/7.0/Packs/atmel/ATmega_DFP/1.1.130/gcc/dev/atmega128/avr51\libatmega128.a(eerd_word.o)
 .debug_line    0x000002b2       0x98 C:/Program Files (x86)/Atmel/Studio/7.0/Packs/atmel/ATmega_DFP/1.1.130/gcc/dev/atmega128/avr51\libatmega128.a(eewr_byte.o)
 .debug_line    0x0000034a       0x68 C:/Program Files (x86)/Atmel/Studio/7.0/Packs/atmel/ATmega_DFP/1.1.130/gcc/dev/atmega128/avr51\libatmega128.a(eewr_dword.o)
 .debug_line    0x000003b2       0x5b C:/Program Files (x86)/Atmel/Studio/7.0/Packs/atmel/ATmega_DFP/1.1.130/gcc/dev/atmega128/avr51\libatmega128.a(eewr_word.o)
 .debug_line    0x0000040d       0xab C:/Program Files (x86)/Atmel/Studio/7.0/Packs/atmel/ATmega_DFP/1.1.130/gcc/dev/atmega128/avr51\libatmega128.a(eerd_block.o)

.debug_frame
 *(.debug_frame)

.debug_str      0x00000000      0x27d
 *(.debug_str)
 .debug_str     0x00000000      0x27d C:/Program Files (x86)/Atmel/Studio/7.0/Packs/atmel/ATmega_DFP/1.1.130/gcc/dev/atmega128/avr51/crtatmega128.o

.debug_loc
 *(.debug_loc)

.debug_macinfo
 *(.debug_macinfo)

.debug_weaknames
 *(.debug_weaknames)

.debug_funcnames
 *(.debug_funcnames)

.debug_typenames
 *(.debug_typenames)

.debug_varnames
 *(.debug_varnames)

.debug_pubtypes
 *(.debug_pubtypes)

.debug_ranges
 *(.debug_ranges)

.debug_macro
 *(.debug_macro)
OUTPUT(boiler.elf elf32-avr)
LOAD linker stubs
