Archive member included to satisfy reference by file (symbol)

c:/program files (x86)/atmel/studio/7.0/toolchain/avr8/avr8-gnu-toolchain/bin/../lib/gcc/avr/4.9.2/../../../../avr/lib/avr51\libm.a(addsf3.o)
                              main.o (__subsf3)
c:/program files (x86)/atmel/studio/7.0/toolchain/avr8/avr8-gnu-toolchain/bin/../lib/gcc/avr/4.9.2/../../../../avr/lib/avr51\libm.a(addsf3x.o)
                              c:/program files (x86)/atmel/studio/7.0/toolchain/avr8/avr8-gnu-toolchain/bin/../lib/gcc/avr/4.9.2/../../../../avr/lib/avr51\libm.a(addsf3.o) (__addsf3x)
c:/program files (x86)/atmel/studio/7.0/toolchain/avr8/avr8-gnu-toolchain/bin/../lib/gcc/avr/4.9.2/../../../../avr/lib/avr51\libm.a(divsf3.o)
                              main.o (__divsf3)
c:/program files (x86)/atmel/studio/7.0/toolchain/avr8/avr8-gnu-toolchain/bin/../lib/gcc/avr/4.9.2/../../../../avr/lib/avr51\libm.a(divsf3x.o)
                              c:/program files (x86)/atmel/studio/7.0/toolchain/avr8/avr8-gnu-toolchain/bin/../lib/gcc/avr/4.9.2/../../../../avr/lib/avr51\libm.a(divsf3.o) (__divsf3x)
c:/program files (x86)/atmel/studio/7.0/toolchain/avr8/avr8-gnu-toolchain/bin/../lib/gcc/avr/4.9.2/../../../../avr/lib/avr51\libm.a(fixunssfsi.o)
                              main.o (__fixunssfsi)
c:/program files (x86)/atmel/studio/7.0/toolchain/avr8/avr8-gnu-toolchain/bin/../lib/gcc/avr/4.9.2/../../../../avr/lib/avr51\libm.a(floatsisf.o)
                              main.o (__floatunsisf)
c:/program files (x86)/atmel/studio/7.0/toolchain/avr8/avr8-gnu-toolchain/bin/../lib/gcc/avr/4.9.2/../../../../avr/lib/avr51\libm.a(fp_inf.o)
                              c:/program files (x86)/atmel/studio/7.0/toolchain/avr8/avr8-gnu-toolchain/bin/../lib/gcc/avr/4.9.2/../../../../avr/lib/avr51\libm.a(addsf3x.o) (__fp_inf)
c:/program files (x86)/atmel/studio/7.0/toolchain/avr8/avr8-gnu-toolchain/bin/../lib/gcc/avr/4.9.2/../../../../avr/lib/avr51\libm.a(fp_nan.o)
                              c:/program files (x86)/atmel/studio/7.0/toolchain/avr8/avr8-gnu-toolchain/bin/../lib/gcc/avr/4.9.2/../../../../avr/lib/avr51\libm.a(addsf3x.o) (__fp_nan)
c:/program files (x86)/atmel/studio/7.0/toolchain/avr8/avr8-gnu-toolchain/bin/../lib/gcc/avr/4.9.2/../../../../avr/lib/avr51\libm.a(fp_pscA.o)
                              c:/program files (x86)/atmel/studio/7.0/toolchain/avr8/avr8-gnu-toolchain/bin/../lib/gcc/avr/4.9.2/../../../../avr/lib/avr51\libm.a(addsf3x.o) (__fp_pscA)
c:/program files (x86)/atmel/studio/7.0/toolchain/avr8/avr8-gnu-toolchain/bin/../lib/gcc/avr/4.9.2/../../../../avr/lib/avr51\libm.a(fp_pscB.o)
                              c:/program files (x86)/atmel/studio/7.0/toolchain/avr8/avr8-gnu-toolchain/bin/../lib/gcc/avr/4.9.2/../../../../avr/lib/avr51\libm.a(addsf3x.o) (__fp_pscB)
c:/program files (x86)/atmel/studio/7.0/toolchain/avr8/avr8-gnu-toolchain/bin/../lib/gcc/avr/4.9.2/../../../../avr/lib/avr51\libm.a(fp_round.o)
                              c:/program files (x86)/atmel/studio/7.0/toolchain/avr8/avr8-gnu-toolchain/bin/../lib/gcc/avr/4.9.2/../../../../avr/lib/avr51\libm.a(addsf3.o) (__fp_round)
c:/program files (x86)/atmel/studio/7.0/toolchain/avr8/avr8-gnu-toolchain/bin/../lib/gcc/avr/4.9.2/../../../../avr/lib/avr51\libm.a(fp_split3.o)
                              c:/program files (x86)/atmel/studio/7.0/toolchain/avr8/avr8-gnu-toolchain/bin/../lib/gcc/avr/4.9.2/../../../../avr/lib/avr51\libm.a(addsf3x.o) (__fp_split3)
c:/program files (x86)/atmel/studio/7.0/toolchain/avr8/avr8-gnu-toolchain/bin/../lib/gcc/avr/4.9.2/../../../../avr/lib/avr51\libm.a(fp_zero.o)
                              c:/program files (x86)/atmel/studio/7.0/toolchain/avr8/avr8-gnu-toolchain/bin/../lib/gcc/avr/4.9.2/../../../../avr/lib/avr51\libm.a(addsf3x.o) (__fp_zero)
c:/program files (x86)/atmel/studio/7.0/toolchain/avr8/avr8-gnu-toolchain/bin/../lib/gcc/avr/4.9.2/../../../../avr/lib/avr51\libm.a(gesf2.o)
                              main.o (__gesf2)
c:/program files (x86)/atmel/studio/7.0/toolchain/avr8/avr8-gnu-toolchain/bin/../lib/gcc/avr/4.9.2/../../../../avr/lib/avr51\libm.a(mulsf3.o)
                              main.o (__mulsf3)
c:/program files (x86)/atmel/studio/7.0/toolchain/avr8/avr8-gnu-toolchain/bin/../lib/gcc/avr/4.9.2/../../../../avr/lib/avr51\libm.a(mulsf3x.o)
                              c:/program files (x86)/atmel/studio/7.0/toolchain/avr8/avr8-gnu-toolchain/bin/../lib/gcc/avr/4.9.2/../../../../avr/lib/avr51\libm.a(mulsf3.o) (__mulsf3x)
c:/program files (x86)/atmel/studio/7.0/toolchain/avr8/avr8-gnu-toolchain/bin/../lib/gcc/avr/4.9.2/../../../../avr/lib/avr51\libm.a(pow.o)
                              main.o (pow)
c:/program files (x86)/atmel/studio/7.0/toolchain/avr8/avr8-gnu-toolchain/bin/../lib/gcc/avr/4.9.2/../../../../avr/lib/avr51\libm.a(exp.o)
                              c:/program files (x86)/atmel/studio/7.0/toolchain/avr8/avr8-gnu-toolchain/bin/../lib/gcc/avr/4.9.2/../../../../avr/lib/avr51\libm.a(pow.o) (exp)
[...]
Memory Configuration

Name             Origin             Length             Attributes
text             0x00000000         0x00020000         xr
data             0x00800100         0x0000ff00         rw !x
eeprom           0x00810000         0x00010000         rw !x
fuse             0x00820000         0x00000003         rw !x
lock             0x00830000         0x00000400         rw !x
signature        0x00840000         0x00000400         rw !x
user_signatures  0x00850000         0x00000400         rw !x
*default*        0x00000000         0xffffffff

Linker script and memory map

Address of section .data set to 0x800100
LOAD C:/Program Files (x86)/Atmel/Studio/7.0/Packs/atmel/ATmega_DFP/1.1.130/gcc/dev/atmega128/avr51/crtatmega128.o
LOAD main.o
START GROUP
LOAD c:/program files (x86)/atmel/studio/7.0/toolchain/avr8/avr8-gnu-toolchain/bin/../lib/gcc/avr/4.9.2/../../../../avr/lib/avr51\libm.a
END GROUP
START GROUP
LOAD c:/program files (x86)/atmel/studio/7.0/toolchain/avr8/avr8-gnu-toolchain/bin/../lib/gcc/avr/4.9.2/avr51\libgcc.a
LOAD c:/program files (x86)/atmel/studio/7.0/toolchain/avr8/avr8-gnu-toolchain/bin/../lib/gcc/avr/4.9.2/../../../../avr/lib/avr51\libm.a
LOAD c:/program files (x86)/atmel/studio/7.0/toolchain/avr8/avr8-gnu-toolchain/bin/../lib/gcc/avr/4.9.2/../../../../avr/lib/avr51\libc.a
LOAD C:/Program Files (x86)/Atmel/Studio/7.0/Packs/atmel/ATmega_DFP/1.1.130/gcc/dev/atmega128/avr51\libatmega128.a
END GROUP
                0x00020000                __TEXT_REGION_LENGTH__ = DEFINED (__TEXT_REGION_LENGTH__)?__TEXT_REGION_LENGTH__:0x20000
                0x0000ff00                __DATA_REGION_LENGTH__ = DEFINED (__DATA_REGION_LENGTH__)?__DATA_REGION_LENGTH__:0xff00
                0x00010000                __EEPROM_REGION_LENGTH__ = DEFINED (__EEPROM_REGION_LENGTH__)?__EEPROM_REGION_LENGTH__:0x10000
                [0x00000003]                __FUSE_REGION_LENGTH__ = DEFINED (__FUSE_REGION_LENGTH__)?__FUSE_REGION_LENGTH__:0x400
                0x00000400                __LOCK_REGION_LENGTH__ = DEFINED (__LOCK_REGION_LENGTH__)?__LOCK_REGION_LENGTH__:0x400
                0x00000400                __SIGNATURE_REGION_LENGTH__ = DEFINED (__SIGNATURE_REGION_LENGTH__)?__SIGNATURE_REGION_LENGTH__:0x400
                0x00000400                __USER_SIGNATURE_REGION_LENGTH__ = DEFINED (__USER_SIGNATURE_REGION_LENGTH__)?__USER_SIGNATURE_REGION_LENGTH__:0x400

.hash
 *(.hash)

.dynsym
 *(.dynsym)

.dynstr
 *(.dynstr)

.gnu.version
 *(.gnu.version)

.gnu.version_d
 *(.gnu.version_d)

.gnu.version_r
 *(.gnu.version_r)

.rel.init
 *(.rel.init)

.rela.init
 *(.rela.init)

.rel.text
 *(.rel.text)
 *(.rel.text.*)
 *(.rel.gnu.linkonce.t*)

.rela.text
 *(.rela.text)
 *(.rela.text.*)
 *(.rela.gnu.linkonce.t*)

.rel.fini
 *(.rel.fini)

.rela.fini
 *(.rela.fini)

.rel.rodata
 *(.rel.rodata)
 *(.rel.rodata.*)
 *(.rel.gnu.linkonce.r*)

.rela.rodata
 *(.rela.rodata)
 *(.rela.rodata.*)
 *(.rela.gnu.linkonce.r*)

.rel.data
 *(.rel.data)
 *(.rel.data.*)
 *(.rel.gnu.linkonce.d*)

.rela.data
 *(.rela.data)
 *(.rela.data.*)
 *(.rela.gnu.linkonce.d*)

.rel.ctors
 *(.rel.ctors)

.rela.ctors
 *(.rela.ctors)

.rel.dtors
 *(.rel.dtors)

.rela.dtors
 *(.rela.dtors)

.rel.got
 *(.rel.got)

.rela.got
 *(.rela.got)

.rel.bss
 *(.rel.bss)

.rela.bss
 *(.rela.bss)

.rel.plt
 *(.rel.plt)

.rela.plt
 *(.rela.plt)

.text           0x00000000     0x57ce
 *(.vectors)
 .vectors       0x00000000       0x8c C:/Program Files (x86)/Atmel/Studio/7.0/Packs/atmel/ATmega_DFP/1.1.130/gcc/dev/atmega128/avr51/crtatmega128.o
                0x00000000                __vector_default
                0x00000000                __vectors
 *(.vectors)
 *(.progmem.gcc*)
 .progmem.gcc_sw_table.menu_in_loop
                0x0000008c       0x38 main.o
 .progmem.gcc_fplib
                0x000000c4       0x28 c:/program files (x86)/atmel/studio/7.0/toolchain/avr8/avr8-gnu-toolchain/bin/../lib/gcc/avr/4.9.2/../../../../avr/lib/avr51\libm.a(exp.o)
 .progmem.gcc_fplib
                0x000000ec       0x5a c:/program files (x86)/atmel/studio/7.0/toolchain/avr8/avr8-gnu-toolchain/bin/../lib/gcc/avr/4.9.2/../../../../avr/lib/avr51\libm.a(log.o)
                0x00000146                . = ALIGN (0x2)
                0x00000146                __trampolines_start = .
 *(.trampolines)
 .trampolines   0x00000146        0x0 linker stubs
 *(.trampolines*)
                0x00000146                __trampolines_end = .
 *libprintf_flt.a:*(.progmem.data)
 *libc.a:*(.progmem.data)
 *(.progmem*)
 .progmem.data.__c.2976
                0x00000146        0x3 main.o
 .progmem.data.__c.2974
                0x00000149        0x3 main.o
 .progmem.data.__c.2972
                0x0000014c        0x3 main.o
 .progmem.data.__c.2970
                0x0000014f       0x11 main.o
 .progmem.data.__c.2968
                0x00000160       0x11 main.o
 .progmem.data.__c.2966
                0x00000171       0x1d main.o
 .progmem.data.__c.2964
                0x0000018e       0x1e main.o
 .progmem.data.__c.2962
                0x000001ac        0x3 main.o
 .progmem.data.__c.2960
                0x000001af        0x3 main.o
 .progmem.data.__c.2958
                0x000001b2        0x3 main.o
 .progmem.data.__c.2956
                0x000001b5       0x11 main.o
 .progmem.data.__c.2954
                0x000001c6       0x11 main.o
 .progmem.data.__c.2952
                0x000001d7       0x1d main.o
 .progmem.data.__c.2950
                0x000001f4       0x1e main.o
 .progmem.data.__c.2948
                0x00000212        0x3 main.o
 .progmem.data.__c.2946
                0x00000215        0x3 main.o
 .progmem.data.__c.2944
                0x00000218        0x3 main.o
 .progmem.data.__c.2942
                0x0000021b       0x11 main.o
 .progmem.data.__c.2940
                0x0000022c       0x11 main.o
 .progmem.data.__c.2938
                0x0000023d       0x1d main.o
 .progmem.data.__c.2936
                0x0000025a       0x1e main.o
 .progmem.data.__c.2934
                0x00000278        0xe main.o
 .progmem.data.__c.2932
                0x00000286        0xd main.o
 .progmem.data.__c.2930
                0x00000293        0xe main.o
 .progmem.data.__c.2928
                0x000002a1        0xf main.o
 .progmem.data.__c.2926
                0x000002b0       0x10 main.o
 .progmem.data.__c.2924
                0x000002c0        0xc main.o
 .progmem.data.__c.2922
                0x000002cc        0x6 main.o
 .progmem.data.__c.2920
                0x000002d2       0x15 main.o
 .progmem.data.__c.2918
                0x000002e7       0x11 main.o
 .progmem.data.__c.2916
                0x000002f8       0x1b main.o
 .progmem.data.__c.2914
                0x00000313       0x19 main.o
 .progmem.data.__c.2912
                0x0000032c        0xb main.o
 .progmem.data.__c.2910
                0x00000337       0x1a main.o
 .progmem.data.__c.2908
                0x00000351        0x9 main.o
 .progmem.data.__c.2906
                0x0000035a        0x9 main.o
 .progmem.data.__c.2904
                0x00000363        0x9 main.o
 .progmem.data.__c.3107
                0x0000036c        0x3 main.o
 .progmem.data.__c.3105
                0x0000036f        0x4 main.o
 .progmem.data.__c.3103
                0x00000373        0x4 main.o
 .progmem.data.__c.3101
                0x00000377        0x4 main.o
 .progmem.data.__c.3099
                0x0000037b        0x4 main.o
 .progmem.data.__c.3097
                0x0000037f        0x4 main.o
 .progmem.data.__c.3095
                0x00000383        0x4 main.o
 .progmem.data.__c.2998
                0x00000387        0x6 main.o
 .progmem.data.__c.2568
                0x0000038d        0x5 main.o
 .progmem.data.__c.2562
                0x00000392        0x5 main.o
 .progmem.data.__c.2560
                0x00000397        0x5 main.o
 .progmem.data.__c.2558
                0x0000039c        0x4 main.o
 .progmem.data.__c.2519
                0x000003a0        0x5 main.o
 .progmem.data.__c.2517
                0x000003a5        0x4 main.o
 .progmem.data.__c.2515
                0x000003a9        0x5 main.o
 .progmem.data.__c.2509
                0x000003ae        0x5 main.o
 .progmem.data.__c.2507
                0x000003b3        0x5 main.o
 .progmem.data.__c.2505
                0x000003b8        0x4 main.o
 .progmem.data.__c.2378
                0x000003bc        0x5 main.o
 .progmem.data.__c.2376
                0x000003c1        0x4 main.o
 .progmem.data.__c.2364
                0x000003c5        0x5 main.o
 .progmem.data.__c.2362
                0x000003ca        0x4 main.o
 .progmem.data.get_Result_Sensors
                0x000003ce       0x15 main.o
                0x000003ce                get_Result_Sensors
 .progmem.data.init_Sensors
                0x000003e3       0x15 main.o
                0x000003e3                init_Sensors
 .progmem.data.ASCII
                0x000003f8      0x100 main.o
                0x000003f8                ASCII
                0x000004f8                . = ALIGN (0x2)
 *(.jumptables)
 *(.jumptables*)
 *(.lowtext)
 *(.lowtext*)
                0x000004f8                __ctors_start = .
 *(.ctors)
                0x000004f8                __ctors_end = .
                0x000004f8                __dtors_start = .
 *(.dtors)
                0x000004f8                __dtors_end = .
 SORT(*)(.ctors)
 SORT(*)(.dtors)
 *(.init0)
 .init0         0x000004f8        0x0 C:/Program Files (x86)/Atmel/Studio/7.0/Packs/atmel/ATmega_DFP/1.1.130/gcc/dev/atmega128/avr51/crtatmega128.o
                0x000004f8                __init
 *(.init0)
 *(.init1)
 *(.init1)
 *(.init2)
 .init2         0x000004f8        0xc C:/Program Files (x86)/Atmel/Studio/7.0/Packs/atmel/ATmega_DFP/1.1.130/gcc/dev/atmega128/avr51/crtatmega128.o
 *(.init2)
 *(.init3)
 *(.init3)
 *(.init4)
 .init4         0x00000504       0x1a c:/program files (x86)/atmel/studio/7.0/toolchain/avr8/avr8-gnu-toolchain/bin/../lib/gcc/avr/4.9.2/avr51\libgcc.a(_copy_data.o)
                0x00000504                __do_copy_data
 .init4         0x0000051e       0x10 c:/program files (x86)/atmel/studio/7.0/toolchain/avr8/avr8-gnu-toolchain/bin/../lib/gcc/avr/4.9.2/avr51\libgcc.a(_clear_bss.o)
                0x0000051e                __do_clear_bss
 *(.init4)
 *(.init5)
 *(.init5)
 *(.init6)
 *(.init6)
 *(.init7)
 *(.init7)
 *(.init8)
 *(.init8)
 *(.init9)
 .init9         0x0000052e        0x8 C:/Program Files (x86)/Atmel/Studio/7.0/Packs/atmel/ATmega_DFP/1.1.130/gcc/dev/atmega128/avr51/crtatmega128.o
 *(.init9)
 *(.text)
 .text          0x00000536        0x2 C:/Program Files (x86)/Atmel/Studio/7.0/Packs/atmel/ATmega_DFP/1.1.130/gcc/dev/atmega128/avr51/crtatmega128.o
                0x00000536                __vector_22
                0x00000536                __vector_28
                0x00000536                __vector_1
                0x00000536                __vector_32
                0x00000536                __vector_34
                0x00000536                __vector_24
                0x00000536                __vector_12
                0x00000536                __bad_interrupt
                0x00000536                __vector_6
                0x00000536                __vector_31
                0x00000536                __vector_3
                0x00000536                __vector_23
                0x00000536                __vector_30
                0x00000536                __vector_25
                0x00000536                __vector_11
                0x00000536                __vector_13
                0x00000536                __vector_17
                0x00000536                __vector_19
                0x00000536                __vector_7
                0x00000536                __vector_27
                0x00000536                __vector_5
                0x00000536                __vector_33
                0x00000536                __vector_4
                0x00000536                __vector_9
                0x00000536                __vector_2
                0x00000536                __vector_21
                0x00000536                __vector_15
                0x00000536                __vector_29
                0x00000536                __vector_8
                0x00000536                __vector_26
                0x00000536                __vector_14
                0x00000536                __vector_10
                0x00000538                . = ALIGN (0x2)
 *(.text.*)
 .text._StrobE  0x00000538        0xc main.o
                0x00000538                _StrobE
 .text._LED_Function_Set
                0x00000544       0x14 main.o
                0x00000544                _LED_Function_Set
 .text._LED_Entry_Mode_Set
                0x00000558       0x30 main.o
                0x00000558                _LED_Entry_Mode_Set
 .text._LED_Set_Addres
                0x00000588       0x26 main.o
                0x00000588                _LED_Set_Addres
 .text.LED_Clear
                0x000005ae       0x16 main.o
                0x000005ae                LED_Clear
 .text.LED_Return_Home
                0x000005c4        0xa main.o
                0x000005c4                LED_Return_Home
 .text.LED_Init
                0x000005ce       0x46 main.o
                0x000005ce                LED_Init
 .text._LED_Write_Char
                0x00000614       0x24 main.o
                0x00000614                _LED_Write_Char
 .text.LED_Write_String
                0x00000638       0x28 main.o
                0x00000638                LED_Write_String
 .text.LED_Write_String_P
                0x00000660       0x2c main.o
                0x00000660                LED_Write_String_P
 .text.Led      0x0000068c       0x34 main.o
                0x0000068c                Led
 .text.Key      0x000006c0       0x7a main.o
                0x000006c0                Key
 .text.Add_New_Element
                0x0000073a       0x98 main.o
                0x0000073a                Add_New_Element
 .text.Add_New_Menu
                0x000007d2       0x2e main.o
                0x000007d2                Add_New_Menu
 .text._Selected_Element_Calculate
                0x00000800       0x50 main.o
                0x00000800                _Selected_Element_Calculate
 .text._Temp_Array_First_Out
                0x00000850       0x9a main.o
                0x00000850                _Temp_Array_First_Out
 .text._Display_Out
                0x000008ea      0x2ae main.o
                0x000008ea                _Display_Out
 .text._History_Save
                0x00000b98      0x192 main.o
                0x00000b98                _History_Save
 .text._New_Param
                0x00000d2a      0x2ea main.o
                0x00000d2a                _New_Param
 .text._Menu_Data_Change
                0x00001014       0x90 main.o
                0x00001014                _Menu_Data_Change
 .text.Save_Changes
                0x000010a4       0xf6 main.o
                0x000010a4                Save_Changes
 .text.Goto_Menu
                0x0000119a      0x69e main.o
                0x0000119a                Goto_Menu
 .text.__vector_18
                0x00001838       0xb0 main.o
                0x00001838                __vector_18
 .text.__vector_20
                0x000018e8       0x7e main.o
                0x000018e8                __vector_20
 .text.COM_Init
                0x00001966      0x122 main.o
                0x00001966                COM_Init
 .text._UART_Go
                0x00001a88       0x62 main.o
                0x00001a88                _UART_Go
 .text.Write_DCON
                0x00001aea       0xc6 main.o
                0x00001aea                Write_DCON
 .text.Read_DCON
                0x00001bb0      0x104 main.o
                0x00001bb0                Read_DCON
 .text.bin2bcd  0x00001cb4       0x12 main.o
                0x00001cb4                bin2bcd
 .text.bcd2bin  0x00001cc6       0x12 main.o
                0x00001cc6                bcd2bin
 .text._I2C_Start
                0x00001cd8       0x6e main.o
                0x00001cd8                _I2C_Start
 .text._I2C_Write
                0x00001d46       0x54 main.o
                0x00001d46                _I2C_Write
 .text._I2C_Read
                0x00001d9a       0x7e main.o
                0x00001d9a                _I2C_Read
 .text.RTC_Init
                0x00001e18       0x3a main.o
                0x00001e18                RTC_Init
 .text.RTC_Get_Time
                0x00001e52       0x68 main.o
                0x00001e52                RTC_Get_Time
 .text.RTC_Set_Time
                0x00001eba       0x5a main.o
                0x00001eba                RTC_Set_Time
 .text.RTC_Get_Date
                0x00001f14       0x80 main.o
                0x00001f14                RTC_Get_Date
 .text.RTC_Set_Date
                0x00001f94       0x6e main.o
                0x00001f94                RTC_Set_Date
 .text.convert_to_show
                0x00002002      0xc64 main.o
                0x00002002                convert_to_show
 .text.mems_to_RAM
                0x00002c66      0x148 main.o
                0x00002c66                mems_to_RAM
 .text.menu_in_loop
                0x00002dae      0xf0e main.o
                0x00002dae                menu_in_loop
 .text.check_time
                0x00003cbc      0x118 main.o
                0x00003cbc                check_time
 .text.get_time
                0x00003dd4       0x5e main.o
                0x00003dd4                get_time
 .text.start_sencors
                0x00003e32       0x50 main.o
                0x00003e32                start_sencors
 .text.read_sencors
                0x00003e82      0x3d4 main.o
                0x00003e82                read_sencors
 .text.check_buttons
                0x00004256      0x128 main.o
                0x00004256                check_buttons
 .text.main_screen
                0x0000437e      0x13c main.o
                0x0000437e                main_screen
 .text.Timer0_Init
                0x000044ba       0x14 main.o
                0x000044ba                Timer0_Init
 .text.__vector_16
                0x000044ce      0x1e4 main.o
                0x000044ce                __vector_16
 .text.startup.main
                0x000046b2      0x3ae main.o
                0x000046b2                main
 .text.avr-libc.fplib
                0x00004a60        0xa c:/program files (x86)/atmel/studio/7.0/toolchain/avr8/avr8-gnu-toolchain/bin/../lib/gcc/avr/4.9.2/../../../../avr/lib/avr51\libm.a(addsf3.o)
                0x00004a60                __subsf3
                0x00004a62                __addsf3
 .text.avr-libc.fplib
                0x00004a6a       0xc0 c:/program files (x86)/atmel/studio/7.0/toolchain/avr8/avr8-gnu-toolchain/bin/../lib/gcc/avr/4.9.2/../../../../avr/lib/avr51\libm.a(addsf3x.o)
                0x00004a84                __addsf3x
 .text.avr-libc.fplib
                0x00004b2a        0x4 c:/program files (x86)/atmel/studio/7.0/toolchain/avr8/avr8-gnu-toolchain/bin/../lib/gcc/avr/4.9.2/../../../../avr/lib/avr51\libm.a(divsf3.o)
                0x00004b2a                __divsf3
 .text.avr-libc.fplib
                0x00004b2e       0xcc c:/program files (x86)/atmel/studio/7.0/toolchain/avr8/avr8-gnu-toolchain/bin/../lib/gcc/avr/4.9.2/../../../../avr/lib/avr51\libm.a(divsf3x.o)
                0x00004b44                __divsf3x
                0x00004b48                __divsf3_pse
 .text.avr-libc.fplib
                0x00004bfa       0x58 c:/program files (x86)/atmel/studio/7.0/toolchain/avr8/avr8-gnu-toolchain/bin/../lib/gcc/avr/4.9.2/../../../../avr/lib/avr51\libm.a(fixunssfsi.o)
                0x00004bfa                __fixunssfsi
 .text.avr-libc.fplib
                0x00004c52       0x7a c:/program files (x86)/atmel/studio/7.0/toolchain/avr8/avr8-gnu-toolchain/bin/../lib/gcc/avr/4.9.2/../../../../avr/lib/avr51\libm.a(floatsisf.o)
                0x00004c52                __floatunsisf
                0x00004c56                __floatsisf
 .text.avr-libc.fplib
                0x00004ccc        0xc c:/program files (x86)/atmel/studio/7.0/toolchain/avr8/avr8-gnu-toolchain/bin/../lib/gcc/avr/4.9.2/../../../../avr/lib/avr51\libm.a(fp_inf.o)
                0x00004ccc                __fp_inf
 .text.avr-libc.fplib
                0x00004cd8        0x6 c:/program files (x86)/atmel/studio/7.0/toolchain/avr8/avr8-gnu-toolchain/bin/../lib/gcc/avr/4.9.2/../../../../avr/lib/avr51\libm.a(fp_nan.o)
                0x00004cd8                __fp_nan
 .text.avr-libc.fplib
                0x00004cde        0xe c:/program files (x86)/atmel/studio/7.0/toolchain/avr8/avr8-gnu-toolchain/bin/../lib/gcc/avr/4.9.2/../../../../avr/lib/avr51\libm.a(fp_pscA.o)
                0x00004cde                __fp_pscA
 .text.avr-libc.fplib
                0x00004cec        0xe c:/program files (x86)/atmel/studio/7.0/toolchain/avr8/avr8-gnu-toolchain/bin/../lib/gcc/avr/4.9.2/../../../../avr/lib/avr51\libm.a(fp_pscB.o)
                0x00004cec                __fp_pscB
 .text.avr-libc.fplib
                0x00004cfa       0x22 c:/program files (x86)/atmel/studio/7.0/toolchain/avr8/avr8-gnu-toolchain/bin/../lib/gcc/avr/4.9.2/../../../../avr/lib/avr51\libm.a(fp_round.o)
                0x00004cfa                __fp_round
 .text.avr-libc.fplib
                0x00004d1c       0x44 c:/program files (x86)/atmel/studio/7.0/toolchain/avr8/avr8-gnu-toolchain/bin/../lib/gcc/avr/4.9.2/../../../../avr/lib/avr51\libm.a(fp_split3.o)
                0x00004d1c                __fp_split3
                0x00004d2c                __fp_splitA
 .text.avr-libc.fplib
                0x00004d60        0xe c:/program files (x86)/atmel/studio/7.0/toolchain/avr8/avr8-gnu-toolchain/bin/../lib/gcc/avr/4.9.2/../../../../avr/lib/avr51\libm.a(fp_zero.o)
                0x00004d60                __fp_zero
                0x00004d62                __fp_szero
 .text.avr-libc.fplib
                0x00004d6e        0x8 c:/program files (x86)/atmel/studio/7.0/toolchain/avr8/avr8-gnu-toolchain/bin/../lib/gcc/avr/4.9.2/../../../../avr/lib/avr51\libm.a(gesf2.o)
                0x00004d6e                __gesf2
                0x00004d6e                __gtsf2
 .text.avr-libc.fplib
                0x00004d76        0x4 c:/program files (x86)/atmel/studio/7.0/toolchain/avr8/avr8-gnu-toolchain/bin/../lib/gcc/avr/4.9.2/../../../../avr/lib/avr51\libm.a(mulsf3.o)
                0x00004d76                __mulsf3
 .text.avr-libc.fplib
                0x00004d7a       0xc2 c:/program files (x86)/atmel/studio/7.0/toolchain/avr8/avr8-gnu-toolchain/bin/../lib/gcc/avr/4.9.2/../../../../avr/lib/avr51\libm.a(mulsf3x.o)
                0x00004d8e                __mulsf3x
                0x00004d92                __mulsf3_pse
 .text.avr-libc.fplib
                0x00004e3c       0x98 c:/program files (x86)/atmel/studio/7.0/toolchain/avr8/avr8-gnu-toolchain/bin/../lib/gcc/avr/4.9.2/../../../../avr/lib/avr51\libm.a(pow.o)
                0x00004e3c                pow
 .text.avr-libc.fplib
                0x00004ed4       0x62 c:/program files (x86)/atmel/studio/7.0/toolchain/avr8/avr8-gnu-toolchain/bin/../lib/gcc/avr/4.9.2/../../../../avr/lib/avr51\libm.a(exp.o)
                0x00004ede                exp
 .text.avr-libc.fplib
                0x00004f36       0x48 c:/program files (x86)/atmel/studio/7.0/toolchain/avr8/avr8-gnu-toolchain/bin/../lib/gcc/avr/4.9.2/../../../../avr/lib/avr51\libm.a(fp_cmp.o)
                0x00004f36                __fp_cmp
 .text.avr-libc.fplib
                0x00004f7e       0x4a c:/program files (x86)/atmel/studio/7.0/toolchain/avr8/avr8-gnu-toolchain/bin/../lib/gcc/avr/4.9.2/../../../../avr/lib/avr51\libm.a(fp_powser.o)
                0x00004f7e                __fp_powser
 .text.avr-libc.fplib
                0x00004fc8        0xe c:/program files (x86)/atmel/studio/7.0/toolchain/avr8/avr8-gnu-toolchain/bin/../lib/gcc/avr/4.9.2/../../../../avr/lib/avr51\libm.a(inverse.o)
                0x00004fc8                inverse
 .text.avr-libc.fplib
                0x00004fd6       0x6c c:/program files (x86)/atmel/studio/7.0/toolchain/avr8/avr8-gnu-toolchain/bin/../lib/gcc/avr/4.9.2/../../../../avr/lib/avr51\libm.a(ldexp.o)
                0x00004fda                ldexp
 .text.avr-libc.fplib
                0x00005042       0x8a c:/program files (x86)/atmel/studio/7.0/toolchain/avr8/avr8-gnu-toolchain/bin/../lib/gcc/avr/4.9.2/../../../../avr/lib/avr51\libm.a(log.o)
                0x0000504c                log
 .text.avr-libc.fplib
                0x000050cc       0x66 c:/program files (x86)/atmel/studio/7.0/toolchain/avr8/avr8-gnu-toolchain/bin/../lib/gcc/avr/4.9.2/../../../../avr/lib/avr51\libm.a(modf.o)
                0x000050cc                modf
                0x000050cc                modff
 .text.avr-libc.fplib
                0x00005132       0x1c c:/program files (x86)/atmel/studio/7.0/toolchain/avr8/avr8-gnu-toolchain/bin/../lib/gcc/avr/4.9.2/../../../../avr/lib/avr51\libm.a(fp_mpack.o)
                0x00005132                __fp_mpack
                0x00005136                __fp_mpack_finite
 .text.libgcc.div
                0x0000514e       0x18 c:/program files (x86)/atmel/studio/7.0/toolchain/avr8/avr8-gnu-toolchain/bin/../lib/gcc/avr/4.9.2/avr51\libgcc.a(_udivmodqi4.o)
                0x0000514e                __udivmodqi4
 .text.libgcc.div
                0x00005166       0x28 c:/program files (x86)/atmel/studio/7.0/toolchain/avr8/avr8-gnu-toolchain/bin/../lib/gcc/avr/4.9.2/avr51\libgcc.a(_udivmodhi4.o)
                0x00005166                __udivmodhi4
 .text.libgcc   0x0000518e       0x12 c:/program files (x86)/atmel/studio/7.0/toolchain/avr8/avr8-gnu-toolchain/bin/../lib/gcc/avr/4.9.2/avr51\libgcc.a(_tablejump2.o)
                0x0000518e                __tablejump2__
 .text.libgcc.mul
                0x000051a0       0x1e c:/program files (x86)/atmel/studio/7.0/toolchain/avr8/avr8-gnu-toolchain/bin/../lib/gcc/avr/4.9.2/avr51\libgcc.a(_umulhisi3.o)
                0x000051a0                __umulhisi3
 .text.libgcc.mul
                0x000051be        0xc c:/program files (x86)/atmel/studio/7.0/toolchain/avr8/avr8-gnu-toolchain/bin/../lib/gcc/avr/4.9.2/avr51\libgcc.a(_usmulhisi3.o)
                0x000051be                __usmulhisi3
                0x000051c0                __usmulhisi3_tail
 .text.avr-libc
                0x000051ca       0x5e c:/program files (x86)/atmel/studio/7.0/toolchain/avr8/avr8-gnu-toolchain/bin/../lib/gcc/avr/4.9.2/../../../../avr/lib/avr51\libc.a(sprintf.o)
                0x000051ca                sprintf
 .text.avr-libc
                0x00005228      0x3dc c:/program files (x86)/atmel/studio/7.0/toolchain/avr8/avr8-gnu-toolchain/bin/../lib/gcc/avr/4.9.2/../../../../avr/lib/avr51\libc.a(vfprintf_std.o)
                0x00005228                vfprintf
 .text.avr-libc
                0x00005604       0x16 c:/program files (x86)/atmel/studio/7.0/toolchain/avr8/avr8-gnu-toolchain/bin/../lib/gcc/avr/4.9.2/../../../../avr/lib/avr51\libc.a(strnlen_P.o)
                0x00005604                strnlen_P
 .text.avr-libc
                0x0000561a       0x16 c:/program files (x86)/atmel/studio/7.0/toolchain/avr8/avr8-gnu-toolchain/bin/../lib/gcc/avr/4.9.2/../../../../avr/lib/avr51\libc.a(strnlen.o)
                0x0000561a                strnlen
 .text.avr-libc
                0x00005630       0x70 c:/program files (x86)/atmel/studio/7.0/toolchain/avr8/avr8-gnu-toolchain/bin/../lib/gcc/avr/4.9.2/../../../../avr/lib/avr51\libc.a(fputc.o)
                0x00005630                fputc
 .text.avr-libc
                0x000056a0       0xbc c:/program files (x86)/atmel/studio/7.0/toolchain/avr8/avr8-gnu-toolchain/bin/../lib/gcc/avr/4.9.2/../../../../avr/lib/avr51\libc.a(ultoa_invert.o)
                0x000056a0                __ultoa_invert
 .text.avr-libc
                0x0000575c       0x10 C:/Program Files (x86)/Atmel/Studio/7.0/Packs/atmel/ATmega_DFP/1.1.130/gcc/dev/atmega128/avr51\libatmega128.a(eerd_byte.o)
                0x0000575c                eeprom_read_byte
 .text.avr-libc
                0x0000576c        0xa C:/Program Files (x86)/Atmel/Studio/7.0/Packs/atmel/ATmega_DFP/1.1.130/gcc/dev/atmega128/avr51\libatmega128.a(eerd_dword.o)
                0x0000576c                eeprom_read_float
                0x0000576c                eeprom_read_dword
 .text.avr-libc
                0x00005776        0xa C:/Program Files (x86)/Atmel/Studio/7.0/Packs/atmel/ATmega_DFP/1.1.130/gcc/dev/atmega128/avr51\libatmega128.a(eerd_word.o)
                0x00005776                eeprom_read_word
 .text.avr-libc
                0x00005780       0x1a C:/Program Files (x86)/Atmel/Studio/7.0/Packs/atmel/ATmega_DFP/1.1.130/gcc/dev/atmega128/avr51\libatmega128.a(eewr_byte.o)
                0x00005780                eeprom_write_byte
                0x00005782                eeprom_write_r18
 .text.avr-libc
                0x0000579a        0xa C:/Program Files (x86)/Atmel/Studio/7.0/Packs/atmel/ATmega_DFP/1.1.130/gcc/dev/atmega128/avr51\libatmega128.a(eewr_dword.o)
                0x0000579a                eeprom_write_dword
                0x0000579a                eeprom_write_float
 .text.avr-libc
                0x000057a4        0x6 C:/Program Files (x86)/Atmel/Studio/7.0/Packs/atmel/ATmega_DFP/1.1.130/gcc/dev/atmega128/avr51\libatmega128.a(eewr_word.o)
                0x000057a4                eeprom_write_word
 .text.avr-libc
                0x000057aa       0x20 C:/Program Files (x86)/Atmel/Studio/7.0/Packs/atmel/ATmega_DFP/1.1.130/gcc/dev/atmega128/avr51\libatmega128.a(eerd_block.o)
                0x000057aa                eeprom_read_block
                0x000057ae                eeprom_read_blraw
                0x000057ca                . = ALIGN (0x2)
 *(.fini9)
 .fini9         0x000057ca        0x0 c:/program files (x86)/atmel/studio/7.0/toolchain/avr8/avr8-gnu-toolchain/bin/../lib/gcc/avr/4.9.2/avr51\libgcc.a(_exit.o)
                0x000057ca                _exit
                0x000057ca                exit
 *(.fini9)
 *(.fini8)
 *(.fini8)
 *(.fini7)
 *(.fini7)
 *(.fini6)
 *(.fini6)
 *(.fini5)
 *(.fini5)
 *(.fini4)
 *(.fini4)
 *(.fini3)
 *(.fini3)
 *(.fini2)
 *(.fini2)
 *(.fini1)
 *(.fini1)
 *(.fini0)
 .fini0         0x000057ca        0x4 c:/program files (x86)/atmel/studio/7.0/toolchain/avr8/avr8-gnu-toolchain/bin/../lib/gcc/avr/4.9.2/avr51\libgcc.a(_exit.o)
 *(.fini0)
                0x000057ce                _etext = .

.data           0x00800100       0x72 load address 0x000057ce
                0x00800100                PROVIDE (__data_start, .)
 *(.data)
 *(.data*)
 .data.cursor_Pos.2499
                0x00800100        0x1 main.o
 .data.K_D_s    0x00800101       0x15 main.o
                0x00800101                K_D_s
 .data.K_P_s    0x00800116       0x15 main.o
                0x00800116                K_P_s
 .data.per_dat_s
                0x0080012b        0x5 main.o
                0x0080012b                per_dat_s
 .data.per_shim_s
                0x00800130        0x5 main.o
                0x00800130                per_shim_s
 .data.disp_DOW
                0x00800135       0x18 main.o
                0x00800135                disp_DOW
 .data.flag_N   0x0080014d        0x1 main.o
                0x0080014d                flag_N
 .data.vis      0x0080014e        0x6 main.o
                0x0080014e                vis
 .data.skv_s    0x00800154        0x6 main.o
                0x00800154                skv_s
 .data.skv      0x0080015a        0x1 main.o
                0x0080015a                skv
 .data.time_per_nas
                0x0080015b        0x2 main.o
                0x0080015b                time_per_nas
 .data.flag_S   0x0080015d        0x1 main.o
                0x0080015d                flag_S
 .data.buf_UART_1
                0x0080015e       0x10 main.o
                0x0080015e                buf_UART_1
 *(.rodata)
 *(.rodata*)
 .rodata.str1.1
                0x0080016e        0x3 main.o
 *(.gnu.linkonce.d*)
                0x00800172                . = ALIGN (0x2)
 *fill*         0x00800171        0x1 
                0x00800172                _edata = .
                0x00800172                PROVIDE (__data_end, .)

.bss            0x00800172      0x368
                0x00800172                PROVIDE (__bss_start, .)
 *(.bss)
 *(.bss*)
 .bss.element.3020
                0x00800172        0x2 main.o
 .bss.type.3019
                0x00800174        0x1 main.o
 .bss.buf.3018  0x00800175        0x8 main.o
 .bss.state.2501
                0x0080017d        0x1 main.o
 .bss.led_Curs.2500
                0x0080017e        0x1 main.o
 .bss.submenu_Count.2498
                0x0080017f        0x1 main.o
 .bss.element_Count.2497
                0x00800180        0x1 main.o
 .bss.count_Submenu.2319
                0x00800181        0x2 main.o
 .bss.count_Element.2314
                0x00800183        0x2 main.o
 .bss.flag_M    0x00800185        0x1 main.o
                0x00800185                flag_M
 .bss.clock_err
                0x00800186        0x1 main.o
                0x00800186                clock_err
 .bss.time_10_clock
                0x00800187        0x2 main.o
                0x00800187                time_10_clock
 .bss.I_prev    0x00800189        0xc main.o
                0x00800189                I_prev
 .bss.flag_R    0x00800195        0x1 main.o
                0x00800195                flag_R
 .bss.t_push    0x00800196        0x2 main.o
                0x00800196                t_push
 .bss.flag_P    0x00800198        0x1 main.o
                0x00800198                flag_P
 .bss.time_10_nas
                0x00800199        0x4 main.o
                0x00800199                time_10_nas
 .bss.time_10_shim
                0x0080019d        0x4 main.o
                0x0080019d                time_10_shim
 .bss.time_10_dat
                0x008001a1        0x4 main.o
                0x008001a1                time_10_dat
 .bss.flag_O    0x008001a5        0x1 main.o
                0x008001a5                flag_O
 .bss.flag_T    0x008001a6        0x1 main.o
                0x008001a6                flag_T
 .bss.time_10_slide
                0x008001a7        0x2 main.o
                0x008001a7                time_10_slide
 .bss.snc_err   0x008001a9        0x3 main.o
                0x008001a9                snc_err
 .bss.pointer_Flash
                0x008001ac        0x2 main.o
                0x008001ac                pointer_Flash
 .bss._I2C_Error
                0x008001ae        0x1 main.o
 .bss._I2C_buf  0x008001af        0x6 main.o
 .bss._I2C_Time_Out
                0x008001b5        0x1 main.o
 .bss._UART_TX_end
                0x008001b6        0x2 main.o
 .bss._UART_TX_length
                0x008001b8        0x2 main.o
 .bss._UART_TX_point
                0x008001ba        0x4 main.o
 .bss._UART_TX_Buf
                0x008001be       0x40 main.o
 .bss._UART_RX_end
                0x008001fe        0x2 main.o
 .bss._UART_RX_length
                0x00800200        0x2 main.o
 .bss._UART_RX_point
                0x00800202        0x4 main.o
 .bss._UART_RX_Buf
                0x00800206       0x40 main.o
 .bss._CHK_mode
                0x00800246        0x2 main.o
 .bss._temp_List
                0x00800248        0x1 main.o
                0x00800248                _temp_List
 .bss._line     0x00800249        0x1 main.o
                0x00800249                _line
 .bss._line2    0x0080024a        0x1 main.o
                0x0080024a                _line2
 .bss._number_In_Submenu
                0x0080024b        0x2 main.o
                0x0080024b                _number_In_Submenu
 .bss._selected_Element
                0x0080024d        0x2 main.o
                0x0080024d                _selected_Element
 .bss._temp_Switch
                0x0080024f        0x1 main.o
                0x0080024f                _temp_Switch
 .bss._my_Lib_Flags
                0x00800250        0x1 main.o
                0x00800250                _my_Lib_Flags
 .bss._Latch    0x00800251        0x1 main.o
                0x00800251                _Latch
 *(COMMON)
 COMMON         0x00800252      0x288 main.o
                0x00800252                _temp_Array
                0x0080025a                temp_noch_RAM
                0x00800260                cur_time
                0x00800265                snc3
                0x0080026a                _Key_flags
                0x0080026b                flush
                0x0080026c                snc1
                0x00800271                _history_Buf_Param
                0x008002f1                K_P_RAM
                0x008002fd                K_I_s
                0x0080030c                _history_Buf_Number
                0x0080032c                temp_den_s
                0x00800332                hour
                0x00800333                cur_temp
                0x00800339                submenu
                0x0080035d                min
                0x0080035e                time_nach_s
                0x00800363                sec
                0x00800364                time_nach_RAM
                0x00800366                temp_den_RAM
                0x0080036c                per_shim_RAM
                0x0080036e                K_I_RAM
                0x0080037a                snc2
                0x0080037f                K_D_RAM
                0x0080038b                time_kon_RAM
                0x0080038d                cur_DOW_RAM
                0x0080038e                per_dat_RAM
                0x00800390                hol_DOW_RAM
                0x00800397                menu_Elements
                0x008004cf                time_kon_s
                0x008004d4                temp_noch_s
                0x008004da                PROVIDE (__bss_end, .)
                0x000057ce                __data_load_start = LOADADDR (.data)
                0x00005840                __data_load_end = (__data_load_start + SIZEOF (.data))

.noinit         0x008004da        0x0
                [!provide]                PROVIDE (__noinit_start, .)
 *(.noinit*)
                [!provide]                PROVIDE (__noinit_end, .)
                0x008004da                _end = .
                [!provide]                PROVIDE (__heap_start, .)

.eeprom         0x00810000       0x43
 *(.eeprom*)
 .eeprom        0x00810000       0x43 main.o
                0x00810000                K_D
                0x0081000c                K_I
                0x00810018                K_P
                0x00810024                temp_noch
                0x0081002a                temp_den
                0x00810030                time_kon
                0x00810034                time_nach
                0x00810038                hol_DOW
                0x0081003f                per_dat
                0x00810041                per_shim
                0x00810043                __eeprom_end = .

.fuse
 *(.fuse)
 *(.lfuse)
 *(.hfuse)
 *(.efuse)

.lock
 *(.lock*)

.signature
 *(.signature*)

.user_signatures
 *(.user_signatures*)

.stab
 *(.stab)

.stabstr
 *(.stabstr)

.stab.excl
 *(.stab.excl)

.stab.exclstr
 *(.stab.exclstr)

.stab.index
 *(.stab.index)

.stab.indexstr
 *(.stab.indexstr)

.comment        0x00000000       0x5c
 *(.comment)
 .comment       0x00000000       0x30 main.o
                                 0x31 (size before relaxing)
 .comment       0x00000030       0x31 c:/program files (x86)/atmel/studio/7.0/toolchain/avr8/avr8-gnu-toolchain/bin/../lib/gcc/avr/4.9.2/../../../../avr/lib/avr51\libc.a(sprintf.o)
 .comment       0x00000030       0x2c c:/program files (x86)/atmel/studio/7.0/toolchain/avr8/avr8-gnu-toolchain/bin/../lib/gcc/avr/4.9.2/../../../../avr/lib/avr51\libc.a(vfprintf_std.o)
                                 0x2d (size before relaxing)
 .comment       0x0000005c       0x31 c:/program files (x86)/atmel/studio/7.0/toolchain/avr8/avr8-gnu-toolchain/bin/../lib/gcc/avr/4.9.2/../../../../avr/lib/avr51\libc.a(fputc.o)

.note.gnu.avr.deviceinfo
                0x00000000       0x3c
 .note.gnu.avr.deviceinfo
                0x00000000       0x3c C:/Program Files (x86)/Atmel/Studio/7.0/Packs/atmel/ATmega_DFP/1.1.130/gcc/dev/atmega128/avr51/crtatmega128.o

.note.gnu.build-id
 *(.note.gnu.build-id)

.debug
 *(.debug)

.line
 *(.line)

.debug_srcinfo
 *(.debug_srcinfo)

.debug_sfnames
 *(.debug_sfnames)

.debug_aranges  0x00000000       0xe0
 *(.debug_aranges)
 .debug_aranges
                0x00000000       0x20 C:/Program Files (x86)/Atmel/Studio/7.0/Packs/atmel/ATmega_DFP/1.1.130/gcc/dev/atmega128/avr51\libatmega128.a(eerd_byte.o)
 .debug_aranges
                0x00000020       0x20 C:/Program Files (x86)/Atmel/Studio/7.0/Packs/atmel/ATmega_DFP/1.1.130/gcc/dev/atmega128/avr51\libatmega128.a(eerd_dword.o)
 .debug_aranges
                0x00000040       0x20 C:/Program Files (x86)/Atmel/Studio/7.0/Packs/atmel/ATmega_DFP/1.1.130/gcc/dev/atmega128/avr51\libatmega128.a(eerd_word.o)
 .debug_aranges
                0x00000060       0x20 C:/Program Files (x86)/Atmel/Studio/7.0/Packs/atmel/ATmega_DFP/1.1.130/gcc/dev/atmega128/avr51\libatmega128.a(eewr_byte.o)
 .debug_aranges
                0x00000080       0x20 C:/Program Files (x86)/Atmel/Studio/7.0/Packs/atmel/ATmega_DFP/1.1.130/gcc/dev/atmega128/avr51\libatmega128.a(eewr_dword.o)
 .debug_aranges
                0x000000a0       0x20 C:/Program Files (x86)/Atmel/Studio/7.0/Packs/atmel/ATmega_DFP/1.1.130/gcc/dev/atmega128/avr51\libatmega128.a(eewr_word.o)
 .debug_aranges
                0x000000c0       0x20 C:/Program Files (x86)/Atmel/Studio/7.0/Packs/atmel/ATmega_DFP/1.1.130/gcc/dev/atmega128/avr51\libatmega128.a(eerd_block.o)

.debug_pubnames
 *(.debug_pubnames)

.debug_info     0x00000000      0xc37
 *(.debug_info .gnu.linkonce.wi.*)
 .debug_info    0x00000000      0x780 C:/Program Files (x86)/Atmel/Studio/7.0/Packs/atmel/ATmega_DFP/1.1.130/gcc/dev/atmega128/avr51/crtatmega128.o
 .debug_info    0x00000780       0xac C:/Program Files (x86)/Atmel/Studio/7.0/Packs/atmel/ATmega_DFP/1.1.130/gcc/dev/atmega128/avr51\libatmega128.a(eerd_byte.o)
 .debug_info    0x0000082c       0xad C:/Program Files (x86)/Atmel/Studio/7.0/Packs/atmel/ATmega_DFP/1.1.130/gcc/dev/atmega128/avr51\libatmega128.a(eerd_dword.o)
 .debug_info    0x000008d9       0xac C:/Program Files (x86)/Atmel/Studio/7.0/Packs/atmel/ATmega_DFP/1.1.130/gcc/dev/atmega128/avr51\libatmega128.a(eerd_word.o)
 .debug_info    0x00000985       0xac C:/Program Files (x86)/Atmel/Studio/7.0/Packs/atmel/ATmega_DFP/1.1.130/gcc/dev/atmega128/avr51\libatmega128.a(eewr_byte.o)
 .debug_info    0x00000a31       0xad C:/Program Files (x86)/Atmel/Studio/7.0/Packs/atmel/ATmega_DFP/1.1.130/gcc/dev/atmega128/avr51\libatmega128.a(eewr_dword.o)
 .debug_info    0x00000ade       0xac C:/Program Files (x86)/Atmel/Studio/7.0/Packs/atmel/ATmega_DFP/1.1.130/gcc/dev/atmega128/avr51\libatmega128.a(eewr_word.o)
 .debug_info    0x00000b8a       0xad C:/Program Files (x86)/Atmel/Studio/7.0/Packs/atmel/ATmega_DFP/1.1.130/gcc/dev/atmega128/avr51\libatmega128.a(eerd_block.o)

.debug_abbrev   0x00000000      0x7a4
 *(.debug_abbrev)
 .debug_abbrev  0x00000000      0x718 C:/Program Files (x86)/Atmel/Studio/7.0/Packs/atmel/ATmega_DFP/1.1.130/gcc/dev/atmega128/avr51/crtatmega128.o
 .debug_abbrev  0x00000718       0x14 C:/Program Files (x86)/Atmel/Studio/7.0/Packs/atmel/ATmega_DFP/1.1.130/gcc/dev/atmega128/avr51\libatmega128.a(eerd_byte.o)
 .debug_abbrev  0x0000072c       0x14 C:/Program Files (x86)/Atmel/Studio/7.0/Packs/atmel/ATmega_DFP/1.1.130/gcc/dev/atmega128/avr51\libatmega128.a(eerd_dword.o)
 .debug_abbrev  0x00000740       0x14 C:/Program Files (x86)/Atmel/Studio/7.0/Packs/atmel/ATmega_DFP/1.1.130/gcc/dev/atmega128/avr51\libatmega128.a(eerd_word.o)
 .debug_abbrev  0x00000754       0x14 C:/Program Files (x86)/Atmel/Studio/7.0/Packs/atmel/ATmega_DFP/1.1.130/gcc/dev/atmega128/avr51\libatmega128.a(eewr_byte.o)
 .debug_abbrev  0x00000768       0x14 C:/Program Files (x86)/Atmel/Studio/7.0/Packs/atmel/ATmega_DFP/1.1.130/gcc/dev/atmega128/avr51\libatmega128.a(eewr_dword.o)
 .debug_abbrev  0x0000077c       0x14 C:/Program Files (x86)/Atmel/Studio/7.0/Packs/atmel/ATmega_DFP/1.1.130/gcc/dev/atmega128/avr51\libatmega128.a(eewr_word.o)
 .debug_abbrev  0x00000790       0x14 C:/Program Files (x86)/Atmel/Studio/7.0/Packs/atmel/ATmega_DFP/1.1.130/gcc/dev/atmega128/avr51\libatmega128.a(eerd_block.o)

.debug_line     0x00000000      0x4b8
 *(.debug_line .debug_line.* .debug_line_end)
 .debug_line    0x00000000      0x169 C:/Program Files (x86)/Atmel/Studio/7.0/Packs/atmel/ATmega_DFP/1.1.130/gcc/dev/atmega128/avr51/crtatmega128.o
 .debug_line    0x00000169       0x7a C:/Program Files (x86)/Atmel/Studio/7.0/Packs/atmel/ATmega_DFP/1.1.130/gcc/dev/atmega128/avr51\libatmega128.a(eerd_byte.o)
 .debug_line    0x000001e3       0x68 C:/Program Files (x86)/Atmel/Studio/7.0/Packs/atmel/ATmega_DFP/1.1.130/gcc/dev/atmega128/avr51\libatmega128.a(eerd_dword.o)
 .debug_line    0x0000024b       0x67 C:/Program Files (x86)/Atmel/Studio/7.0/Packs/atmel/ATmega_DFP/1.1.130/gcc/dev/atmega128/avr51\libatmega128.a(eerd_word.o)
 .debug_line    0x000002b2       0x98 C:/Program Files (x86)/Atmel/Studio/7.0/Packs/atmel/ATmega_DFP/1.1.130/gcc/dev/atmega128/avr51\libatmega128.a(eewr_byte.o)
 .debug_line    0x0000034a       0x68 C:/Program Files (x86)/Atmel/Studio/7.0/Packs/atmel/ATmega_DFP/1.1.130/gcc/dev/atmega128/avr51\libatmega128.a(eewr_dword.o)
 .debug_line    0x000003b2       0x5b C:/Program Files (x86)/Atmel/Studio/7.0/Packs/atmel/ATmega_DFP/1.1.130/gcc/dev/atmega128/avr51\libatmega128.a(eewr_word.o)
 .debug_line    0x0000040d       0xab C:/Program Files (x86)/Atmel/Studio/7.0/Packs/atmel/ATmega_DFP/1.1.130/gcc/dev/atmega128/avr51\libatmega128.a(eerd_block.o)

.debug_frame
 *(.debug_frame)

.debug_str      0x00000000      0x27d
 *(.debug_str)
 .debug_str     0x00000000      0x27d C:/Program Files (x86)/Atmel/Studio/7.0/Packs/atmel/ATmega_DFP/1.1.130/gcc/dev/atmega128/avr51/crtatmega128.o

.debug_loc
 *(.debug_loc)

.debug_macinfo
 *(.debug_macinfo)

.debug_weaknames
 *(.debug_weaknames)

.debug_funcnames
 *(.debug_funcnames)

.debug_typenames
 *(.debug_typenames)

.debug_varnames
 *(.debug_varnames)

.debug_pubtypes
 *(.debug_pubtypes)

.debug_ranges
 *(.debug_ranges)

.debug_macro
 *(.debug_macro)
OUTPUT(boiler.elf elf32-avr)
LOAD linker stubs
